Archive member included to satisfy reference by file (symbol)

d:/fpga/nios2eds/bin/gnu/h-x86_64-mingw32/bin/../lib/gcc/nios2-elf/5.3.0\libgcc.a(lib2-divmod.o)
                              obj/default/drivers/drivers.o (__divsi3)
d:/fpga/nios2eds/bin/gnu/h-x86_64-mingw32/bin/../lib/gcc/nios2-elf/5.3.0\libgcc.a(fixsfsi.o)
                              obj/default/drivers/drivers.o (__fixsfsi)
d:/fpga/nios2eds/bin/gnu/h-x86_64-mingw32/bin/../lib/gcc/nios2-elf/5.3.0/../../../../../H-x86_64-mingw32/nios2-elf/lib\libc.a(lib_a-malloc.o)
                              obj/default/graphic_lib/draw_gimps.o (malloc)
d:/fpga/nios2eds/bin/gnu/h-x86_64-mingw32/bin/../lib/gcc/nios2-elf/5.3.0/../../../../../H-x86_64-mingw32/nios2-elf/lib\libc.a(lib_a-mallocr.o)
                              d:/fpga/nios2eds/bin/gnu/h-x86_64-mingw32/bin/../lib/gcc/nios2-elf/5.3.0/../../../../../H-x86_64-mingw32/nios2-elf/lib\libc.a(lib_a-malloc.o) (_malloc_r)
d:/fpga/nios2eds/bin/gnu/h-x86_64-mingw32/bin/../lib/gcc/nios2-elf/5.3.0/../../../../../H-x86_64-mingw32/nios2-elf/lib\libc.a(lib_a-memcpy.o)
                              obj/default/graphic_lib/draw_gimps.o (memcpy)
d:/fpga/nios2eds/bin/gnu/h-x86_64-mingw32/bin/../lib/gcc/nios2-elf/5.3.0/../../../../../H-x86_64-mingw32/nios2-elf/lib\libc.a(lib_a-memset.o)
                              obj/default/vip_fr.o (memset)
d:/fpga/nios2eds/bin/gnu/h-x86_64-mingw32/bin/../lib/gcc/nios2-elf/5.3.0/../../../../../H-x86_64-mingw32/nios2-elf/lib\libc.a(lib_a-printf.o)
                              obj/default/graphic_lib/draw_gimps.o (printf)
d:/fpga/nios2eds/bin/gnu/h-x86_64-mingw32/bin/../lib/gcc/nios2-elf/5.3.0/../../../../../H-x86_64-mingw32/nios2-elf/lib\libc.a(lib_a-sbrkr.o)
                              d:/fpga/nios2eds/bin/gnu/h-x86_64-mingw32/bin/../lib/gcc/nios2-elf/5.3.0/../../../../../H-x86_64-mingw32/nios2-elf/lib\libc.a(lib_a-mallocr.o) (_sbrk_r)
d:/fpga/nios2eds/bin/gnu/h-x86_64-mingw32/bin/../lib/gcc/nios2-elf/5.3.0/../../../../../H-x86_64-mingw32/nios2-elf/lib\libc.a(lib_a-strcpy.o)
                              obj/default/graphic_lib/simple_graphics.o (strcpy)
d:/fpga/nios2eds/bin/gnu/h-x86_64-mingw32/bin/../lib/gcc/nios2-elf/5.3.0/../../../../../H-x86_64-mingw32/nios2-elf/lib\libc.a(lib_a-strlen.o)
                              obj/default/graphic_lib/simple_graphics.o (strlen)
d:/fpga/nios2eds/bin/gnu/h-x86_64-mingw32/bin/../lib/gcc/nios2-elf/5.3.0/../../../../../H-x86_64-mingw32/nios2-elf/lib\libc.a(lib_a-vfprintf.o)
                              d:/fpga/nios2eds/bin/gnu/h-x86_64-mingw32/bin/../lib/gcc/nios2-elf/5.3.0/../../../../../H-x86_64-mingw32/nios2-elf/lib\libc.a(lib_a-printf.o) (___vfprintf_internal_r)
d:/fpga/nios2eds/bin/gnu/h-x86_64-mingw32/bin/../lib/gcc/nios2-elf/5.3.0/../../../../../H-x86_64-mingw32/nios2-elf/lib\libc.a(lib_a-wsetup.o)
                              d:/fpga/nios2eds/bin/gnu/h-x86_64-mingw32/bin/../lib/gcc/nios2-elf/5.3.0/../../../../../H-x86_64-mingw32/nios2-elf/lib\libc.a(lib_a-vfprintf.o) (__swsetup_r)
d:/fpga/nios2eds/bin/gnu/h-x86_64-mingw32/bin/../lib/gcc/nios2-elf/5.3.0/../../../../../H-x86_64-mingw32/nios2-elf/lib\libc.a(lib_a-dtoa.o)
                              d:/fpga/nios2eds/bin/gnu/h-x86_64-mingw32/bin/../lib/gcc/nios2-elf/5.3.0/../../../../../H-x86_64-mingw32/nios2-elf/lib\libc.a(lib_a-vfprintf.o) (_dtoa_r)
d:/fpga/nios2eds/bin/gnu/h-x86_64-mingw32/bin/../lib/gcc/nios2-elf/5.3.0/../../../../../H-x86_64-mingw32/nios2-elf/lib\libc.a(lib_a-fflush.o)
                              d:/fpga/nios2eds/bin/gnu/h-x86_64-mingw32/bin/../lib/gcc/nios2-elf/5.3.0/../../../../../H-x86_64-mingw32/nios2-elf/lib\libc.a(lib_a-vfprintf.o) (_fflush_r)
d:/fpga/nios2eds/bin/gnu/h-x86_64-mingw32/bin/../lib/gcc/nios2-elf/5.3.0/../../../../../H-x86_64-mingw32/nios2-elf/lib\libc.a(lib_a-findfp.o)
                              d:/fpga/nios2eds/bin/gnu/h-x86_64-mingw32/bin/../lib/gcc/nios2-elf/5.3.0/../../../../../H-x86_64-mingw32/nios2-elf/lib\libc.a(lib_a-vfprintf.o) (__sinit)
d:/fpga/nios2eds/bin/gnu/h-x86_64-mingw32/bin/../lib/gcc/nios2-elf/5.3.0/../../../../../H-x86_64-mingw32/nios2-elf/lib\libc.a(lib_a-freer.o)
                              d:/fpga/nios2eds/bin/gnu/h-x86_64-mingw32/bin/../lib/gcc/nios2-elf/5.3.0/../../../../../H-x86_64-mingw32/nios2-elf/lib\libc.a(lib_a-malloc.o) (_free_r)
d:/fpga/nios2eds/bin/gnu/h-x86_64-mingw32/bin/../lib/gcc/nios2-elf/5.3.0/../../../../../H-x86_64-mingw32/nios2-elf/lib\libc.a(lib_a-fwalk.o)
                              d:/fpga/nios2eds/bin/gnu/h-x86_64-mingw32/bin/../lib/gcc/nios2-elf/5.3.0/../../../../../H-x86_64-mingw32/nios2-elf/lib\libc.a(lib_a-findfp.o) (_fwalk)
d:/fpga/nios2eds/bin/gnu/h-x86_64-mingw32/bin/../lib/gcc/nios2-elf/5.3.0/../../../../../H-x86_64-mingw32/nios2-elf/lib\libc.a(lib_a-impure.o)
[...]
Memory Configuration

Name             Origin             Length             Attributes
reset            0x0000000004000000 0x0000000000000020
sdram_BEFORE_EXCEPTION 0x0000000004000020 0x000000000057e400
sdram            0x000000000457e420 0x0000000003a81be0
*default*        0x0000000000000000 0xffffffffffffffff

Linker script and memory map

LOAD ../lab5_bsp//obj/HAL/src/crt0.o
LOAD obj/default/drivers/drivers.o
LOAD obj/default/fonts/tahomabold_20.o
LOAD obj/default/fonts/tahomabold_32.o
LOAD obj/default/frame.o
LOAD obj/default/graphic_lib/draw_gimps.o
LOAD obj/default/graphic_lib/gimp_bmp.o
LOAD obj/default/graphic_lib/simple_graphics.o
LOAD obj/default/graphic_lib/simple_text.o
LOAD obj/default/hello_ucosii.o
LOAD obj/default/imagenes/back_down.o
LOAD obj/default/imagenes/back_up.o
LOAD obj/default/imagenes/ford_down.o
LOAD obj/default/imagenes/ford_up.o
LOAD obj/default/imagenes/image1.o
LOAD obj/default/imagenes/image2.o
LOAD obj/default/imagenes/image3.o
LOAD obj/default/imagenes/pause_down.o
LOAD obj/default/imagenes/pause_up.o
LOAD obj/default/imagenes/play_down.o
LOAD obj/default/imagenes/play_up.o
LOAD obj/default/imagenes/stop_down.o
LOAD obj/default/imagenes/stop_up.o
LOAD obj/default/song/song1.o
LOAD obj/default/song/song2.o
LOAD obj/default/song/song3.o
LOAD obj/default/student_code/student_code.o
LOAD obj/default/vip_fr.o
LOAD d:/fpga/nios2eds/bin/gnu/h-x86_64-mingw32/bin/../lib/gcc/nios2-elf/5.3.0/../../../../../H-x86_64-mingw32/nios2-elf/lib\libstdc++.a
LOAD d:/fpga/nios2eds/bin/gnu/h-x86_64-mingw32/bin/../lib/gcc/nios2-elf/5.3.0/../../../../../H-x86_64-mingw32/nios2-elf/lib\libm.a
LOAD d:/fpga/nios2eds/bin/gnu/h-x86_64-mingw32/bin/../lib/gcc/nios2-elf/5.3.0\libgcc.a
START GROUP
LOAD d:/fpga/nios2eds/bin/gnu/h-x86_64-mingw32/bin/../lib/gcc/nios2-elf/5.3.0/../../../../../H-x86_64-mingw32/nios2-elf/lib\libc.a
LOAD d:/fpga/nios2eds/bin/gnu/h-x86_64-mingw32/bin/../lib/gcc/nios2-elf/5.3.0\libgcc.a
LOAD ../lab5_bsp/\libucosii_bsp.a
LOAD d:/fpga/nios2eds/bin/gnu/h-x86_64-mingw32/bin/../lib/gcc/nios2-elf/5.3.0/../../../../../H-x86_64-mingw32/nios2-elf/lib\libm.a
END GROUP
LOAD d:/fpga/nios2eds/bin/gnu/h-x86_64-mingw32/bin/../lib/gcc/nios2-elf/5.3.0\libgcc.a
                0x0000000004000000                __alt_mem_sdram = 0x4000000

.entry          0x0000000004000000       0x20
 *(.entry)
 .entry         0x0000000004000000       0x20 ../lab5_bsp//obj/HAL/src/crt0.o
                0x0000000004000000                __reset

.exceptions     0x000000000457e420      0x144
                0x000000000457e420                PROVIDE (__ram_exceptions_start, ABSOLUTE (.))
                0x000000000457e420                . = ALIGN (0x20)
 *(.irq)
 *(.exceptions.entry.label)
 .exceptions.entry.label
                0x000000000457e420        0x0 ../lab5_bsp/\libucosii_bsp.a(alt_irq_entry.o)
                0x000000000457e420                alt_irq_entry
 .exceptions.entry.label
                0x000000000457e420        0x0 ../lab5_bsp/\libucosii_bsp.a(alt_exception_entry.o)
                0x000000000457e420                alt_exception
 *(.exceptions.entry.user)
 *(.exceptions.entry.ecc_fatal)
 *(.exceptions.entry)
 .exceptions.entry
                0x000000000457e420       0x54 ../lab5_bsp/\libucosii_bsp.a(alt_exception_entry.o)
 *(.exceptions.irqtest.user)
 *(.exceptions.irqtest)
 .exceptions.irqtest
                0x000000000457e474       0x10 ../lab5_bsp/\libucosii_bsp.a(alt_irq_entry.o)
 *(.exceptions.irqhandler.user)
 *(.exceptions.irqhandler)
 .exceptions.irqhandler
                0x000000000457e484        0x4 ../lab5_bsp/\libucosii_bsp.a(alt_irq_entry.o)
 *(.exceptions.irqreturn.user)
 *(.exceptions.irqreturn)
 .exceptions.irqreturn
                0x000000000457e488        0x4 ../lab5_bsp/\libucosii_bsp.a(alt_irq_entry.o)
 *(.exceptions.notirq.label)
 .exceptions.notirq.label
                0x000000000457e48c        0x0 ../lab5_bsp/\libucosii_bsp.a(alt_irq_entry.o)
 *(.exceptions.notirq.user)
 *(.exceptions.notirq)
 .exceptions.notirq
                0x000000000457e48c        0x8 ../lab5_bsp/\libucosii_bsp.a(alt_exception_entry.o)
 *(.exceptions.soft.user)
 *(.exceptions.soft)
 *(.exceptions.unknown.user)
 *(.exceptions.unknown)
 .exceptions.unknown
                0x000000000457e494        0x4 ../lab5_bsp/\libucosii_bsp.a(alt_exception_entry.o)
 *(.exceptions.exit.label)
 .exceptions.exit.label
                0x000000000457e498        0x0 ../lab5_bsp/\libucosii_bsp.a(alt_irq_entry.o)
 .exceptions.exit.label
                0x000000000457e498        0x0 ../lab5_bsp/\libucosii_bsp.a(alt_exception_entry.o)
 *(.exceptions.exit.user)
 *(.exceptions.exit)
 .exceptions.exit
                0x000000000457e498       0x54 ../lab5_bsp/\libucosii_bsp.a(alt_exception_entry.o)
 *(.exceptions)
 .exceptions    0x000000000457e4ec       0x78 ../lab5_bsp/\libucosii_bsp.a(alt_irq_handler.o)
                0x000000000457e4ec                alt_irq_handler
                0x000000000457e564                PROVIDE (__ram_exceptions_end, ABSOLUTE (.))
                0x000000000457e420                PROVIDE (__flash_exceptions_start, LOADADDR (.exceptions))

.text           0x000000000457e564    0x19420
                [!provide]                        PROVIDE (stext, ABSOLUTE (.))
 *(.interp)
 *(.hash)
 *(.dynsym)
 *(.dynstr)
 *(.gnu.version)
 *(.gnu.version_d)
 *(.gnu.version_r)
 *(.rel.init)
 *(.rela.init)
 *(.rel.text .rel.text.* .rel.gnu.linkonce.t.*)
 *(.rela.text .rela.text.* .rela.gnu.linkonce.t.*)
 *(.rel.fini)
 *(.rela.fini)
 *(.rel.rodata .rel.rodata.* .rel.gnu.linkonce.r.*)
 *(.rela.rodata .rela.rodata.* .rela.gnu.linkonce.r.*)
 *(.rel.data .rel.data.* .rel.gnu.linkonce.d.*)
 *(.rela.data .rela.data.* .rela.gnu.linkonce.d.*)
 *(.rel.tdata .rel.tdata.* .rel.gnu.linkonce.td.*)
 *(.rela.tdata .rela.tdata.* .rela.gnu.linkonce.td.*)
 *(.rel.tbss .rel.tbss.* .rel.gnu.linkonce.tb.*)
 *(.rela.tbss .rela.tbss.* .rela.gnu.linkonce.tb.*)
 *(.rel.ctors)
 *(.rela.ctors)
 *(.rel.dtors)
 *(.rela.dtors)
 *(.rel.got)
 *(.rela.got)
 *(.rel.sdata .rel.sdata.* .rel.gnu.linkonce.s.*)
 *(.rela.sdata .rela.sdata.* .rela.gnu.linkonce.s.*)
 *(.rel.sbss .rel.sbss.* .rel.gnu.linkonce.sb.*)
 *(.rela.sbss .rela.sbss.* .rela.gnu.linkonce.sb.*)
 *(.rel.sdata2 .rel.sdata2.* .rel.gnu.linkonce.s2.*)
 *(.rela.sdata2 .rela.sdata2.* .rela.gnu.linkonce.s2.*)
 *(.rel.sbss2 .rel.sbss2.* .rel.gnu.linkonce.sb2.*)
 *(.rela.sbss2 .rela.sbss2.* .rela.gnu.linkonce.sb2.*)
 *(.rel.bss .rel.bss.* .rel.gnu.linkonce.b.*)
 *(.rela.bss .rela.bss.* .rela.gnu.linkonce.b.*)
 *(.rel.plt)
 *(.rela.plt)
 *(.rel.dyn)
 *(.init)
 *(.plt)
 *(.text .stub .text.* .gnu.linkonce.t.*)
 .text          0x000000000457e564       0x4c ../lab5_bsp//obj/HAL/src/crt0.o
                0x000000000457e564                _start
 .text          0x000000000457e5b0     0x182c obj/default/drivers/drivers.o
                0x000000000457e5b0                audio_dac_wr_fifo
                0x000000000457e610                stop_wav
                0x000000000457e638                play_wav
                0x000000000457e658                pause_wav
                0x000000000457e670                audio_dac_fifo_full
                0x000000000457e684                init_audio_hw
                0x000000000457e6d8                set_audio_frequency_audio_controller
                0x000000000457e710                set_note
                0x000000000457e748                select_modulation
                0x000000000457e75c                select_signal
                0x000000000457e770                select_color
                0x000000000457e784                audio_selector
                0x000000000457e798                read_keyboard
                0x000000000457e7a8                mouse_pos
                0x000000000457e854                Sleep
                0x000000000457e8a0                Beep
                0x000000000457e8dc                starwars
                0x000000000457ea3c                gloria
                0x000000000457ef14                mario
                0x000000000457f7b0                tetris
 .text          0x000000000457fddc        0x0 obj/default/fonts/tahomabold_20.o
 .text          0x000000000457fddc        0x0 obj/default/fonts/tahomabold_32.o
 .text          0x000000000457fddc      0x118 obj/default/frame.o
                0x000000000457fddc                ConfigVFR
                0x000000000457fea0                GetFrameBuffer
                0x000000000457febc                cleanscreen
 .text          0x000000000457fef4      0x508 obj/default/graphic_lib/draw_gimps.o
                0x000000000457fef4                AsVidCopyImageToBuffer
                0x000000000457ffcc                AsVidCopyImageToBuffer2
                0x00000000045800a8                AsVidCopyImageToBuffer3
                0x0000000004580194                DispIMAGE
                0x0000000004580244                DispIMAGE_fit
                0x0000000004580330                DispIMAGE_from_gimp
 .text          0x00000000045803fc      0x508 obj/default/graphic_lib/gimp_bmp.o
                0x00000000045803fc                copy_pix_map_32_to_32
                0x000000000458046c                copy_pix_map_32_to_24
                0x00000000045804ec                copy_pix_map_32_to_16
                0x0000000004580574                copy_pix_map_24_to_32
                0x00000000045805fc                copy_pix_map_24_to_24
                0x000000000458067c                copy_pix_map_24_to_16
                0x0000000004580724                load_gimp_bmp
 .text          0x0000000004580904     0x1f00 obj/default/graphic_lib/simple_graphics.o
                0x0000000004580904                vid_scroll_string_quit
                0x0000000004580934                vid_scroll_string_init
                0x0000000004580a0c                vid_set_pixel
                0x0000000004580b00                vid_print_char
                0x0000000004580bd8                vid_print_string
                0x0000000004580cac                vid_get_pixel
                0x0000000004580d08                vid_move_block
                0x0000000004580e04                vid_paint_block
                0x0000000004580f90                vid_clean_screen
                0x0000000004580fc0                vid_draw_horiz_line
                0x0000000004581200                vid_merge_colors
                0x000000000458121c                vid_color_convert24_16
                0x0000000004581250                vid_color_convert16_24
                0x0000000004581278                vid_copy_line_to_frame_buffer
                0x0000000004581438                vid_draw_sloped_line
                0x000000000458159c                vid_draw_line
                0x0000000004581618                vid_draw_box
                0x0000000004581790                vid_scroll_string
                0x00000000045819a8                vid_round_corner_points
                0x0000000004581e00                vid_draw_circle
                0x0000000004581f20                vid_draw_round_corner_box
                0x000000000458220c                max_diff3
                0x0000000004582238                vid_bres_scan_edges
                0x0000000004582380                vid_draw_triangle
                0x0000000004582654                CopyImage16
                0x0000000004582708                CropImage16
 .text          0x0000000004582804      0x648 obj/default/graphic_lib/simple_text.o
                0x0000000004582804                vid_print_char_alpha
                0x0000000004582c34                vid_print_string_alpha
                0x0000000004582dd0                vid_string_pixel_length_alpha
 .text          0x0000000004582e4c     0x1920 obj/default/hello_ucosii.o
                0x0000000004582e4c                draw_button
                0x0000000004582fc4                task2
                0x000000000458403c                init_background
                0x00000000045844c8                send_audio_fifo
                0x0000000004584534                task1
                0x000000000458468c                main
 .text          0x000000000458476c        0x0 obj/default/imagenes/back_down.o
 .text          0x000000000458476c        0x0 obj/default/imagenes/back_up.o
 .text          0x000000000458476c        0x0 obj/default/imagenes/ford_down.o
 .text          0x000000000458476c        0x0 obj/default/imagenes/ford_up.o
 .text          0x000000000458476c        0x0 obj/default/imagenes/image1.o
 .text          0x000000000458476c        0x0 obj/default/imagenes/image2.o
 .text          0x000000000458476c        0x0 obj/default/imagenes/image3.o
 .text          0x000000000458476c        0x0 obj/default/imagenes/pause_down.o
 .text          0x000000000458476c        0x0 obj/default/imagenes/pause_up.o
 .text          0x000000000458476c        0x0 obj/default/imagenes/play_down.o
 .text          0x000000000458476c        0x0 obj/default/imagenes/play_up.o
 .text          0x000000000458476c        0x0 obj/default/imagenes/stop_down.o
 .text          0x000000000458476c        0x0 obj/default/imagenes/stop_up.o
 .text          0x000000000458476c        0x0 obj/default/song/song1.o
 .text          0x000000000458476c        0x0 obj/default/song/song2.o
 .text          0x000000000458476c        0x0 obj/default/song/song3.o
 .text          0x000000000458476c       0x9c obj/default/student_code/student_code.o
                0x000000000458476c                handle_lfsr_interrupts
                0x00000000045847bc                init_lfsr_interrupt
 .text          0x0000000004584808      0x2b8 obj/default/vip_fr.o
                0x0000000004584808                VIPFR_UnInit
                0x0000000004584824                VIPFR_Go
                0x0000000004584834                VIPFR_GetDrawFrame
                0x000000000458484c                VIPFR_ActiveDrawFrame
                0x0000000004584894                DRAW_EraseScreen
                0x00000000045848e4                FrameReader_SetFrame0
                0x000000000458490c                FrameReader_SetFrame1
                0x0000000004584934                VIPFR_SetFrameSize
                0x00000000045849b8                VIPFR_Init
                0x0000000004584a5c                FrameReader_SelectFrame
                0x0000000004584a68                FrameReader_Go
                0x0000000004584a74                VIPFR_ReserveBackground
 .text          0x0000000004584ac0      0x1b4 d:/fpga/nios2eds/bin/gnu/h-x86_64-mingw32/bin/../lib/gcc/nios2-elf/5.3.0\libgcc.a(lib2-divmod.o)
                0x0000000004584ac0                __divsi3
                0x0000000004584b44                __modsi3
                0x0000000004584bb8                __udivsi3
                0x0000000004584c1c                __umodsi3
 .text          0x0000000004584c74       0x70 d:/fpga/nios2eds/bin/gnu/h-x86_64-mingw32/bin/../lib/gcc/nios2-elf/5.3.0\libgcc.a(fixsfsi.o)
                0x0000000004584c74                __fixsfsi
 .text          0x0000000004584ce4        0x0 d:/fpga/nios2eds/bin/gnu/h-x86_64-mingw32/bin/../lib/gcc/nios2-elf/5.3.0/../../../../../H-x86_64-mingw32/nios2-elf/lib\libc.a(lib_a-malloc.o)
 .text.malloc   0x0000000004584ce4       0x14 d:/fpga/nios2eds/bin/gnu/h-x86_64-mingw32/bin/../lib/gcc/nios2-elf/5.3.0/../../../../../H-x86_64-mingw32/nios2-elf/lib\libc.a(lib_a-malloc.o)
                0x0000000004584ce4                malloc
 .text.free     0x0000000004584cf8       0x14 d:/fpga/nios2eds/bin/gnu/h-x86_64-mingw32/bin/../lib/gcc/nios2-elf/5.3.0/../../../../../H-x86_64-mingw32/nios2-elf/lib\libc.a(lib_a-malloc.o)
                0x0000000004584cf8                free
 .text          0x0000000004584d0c        0x0 d:/fpga/nios2eds/bin/gnu/h-x86_64-mingw32/bin/../lib/gcc/nios2-elf/5.3.0/../../../../../H-x86_64-mingw32/nios2-elf/lib\libc.a(lib_a-mallocr.o)
 .text._malloc_r
                0x0000000004584d0c      0x80c d:/fpga/nios2eds/bin/gnu/h-x86_64-mingw32/bin/../lib/gcc/nios2-elf/5.3.0/../../../../../H-x86_64-mingw32/nios2-elf/lib\libc.a(lib_a-mallocr.o)
                0x0000000004584d0c                _malloc_r
 .text          0x0000000004585518        0x0 d:/fpga/nios2eds/bin/gnu/h-x86_64-mingw32/bin/../lib/gcc/nios2-elf/5.3.0/../../../../../H-x86_64-mingw32/nios2-elf/lib\libc.a(lib_a-memcpy.o)
 .text.memcpy   0x0000000004585518      0x148 d:/fpga/nios2eds/bin/gnu/h-x86_64-mingw32/bin/../lib/gcc/nios2-elf/5.3.0/../../../../../H-x86_64-mingw32/nios2-elf/lib\libc.a(lib_a-memcpy.o)
                0x0000000004585518                memcpy
 .text          0x0000000004585660        0x0 d:/fpga/nios2eds/bin/gnu/h-x86_64-mingw32/bin/../lib/gcc/nios2-elf/5.3.0/../../../../../H-x86_64-mingw32/nios2-elf/lib\libc.a(lib_a-memset.o)
 .text.memset   0x0000000004585660      0x128 d:/fpga/nios2eds/bin/gnu/h-x86_64-mingw32/bin/../lib/gcc/nios2-elf/5.3.0/../../../../../H-x86_64-mingw32/nios2-elf/lib\libc.a(lib_a-memset.o)
                0x0000000004585660                memset
 .text          0x0000000004585788        0x0 d:/fpga/nios2eds/bin/gnu/h-x86_64-mingw32/bin/../lib/gcc/nios2-elf/5.3.0/../../../../../H-x86_64-mingw32/nios2-elf/lib\libc.a(lib_a-printf.o)
 .text._printf_r
                0x0000000004585788       0x30 d:/fpga/nios2eds/bin/gnu/h-x86_64-mingw32/bin/../lib/gcc/nios2-elf/5.3.0/../../../../../H-x86_64-mingw32/nios2-elf/lib\libc.a(lib_a-printf.o)
                0x0000000004585788                _printf_r
 .text.printf   0x00000000045857b8       0x3c d:/fpga/nios2eds/bin/gnu/h-x86_64-mingw32/bin/../lib/gcc/nios2-elf/5.3.0/../../../../../H-x86_64-mingw32/nios2-elf/lib\libc.a(lib_a-printf.o)
                0x00000000045857b8                printf
 .text          0x00000000045857f4        0x0 d:/fpga/nios2eds/bin/gnu/h-x86_64-mingw32/bin/../lib/gcc/nios2-elf/5.3.0/../../../../../H-x86_64-mingw32/nios2-elf/lib\libc.a(lib_a-sbrkr.o)
 .text._sbrk_r  0x00000000045857f4       0x54 d:/fpga/nios2eds/bin/gnu/h-x86_64-mingw32/bin/../lib/gcc/nios2-elf/5.3.0/../../../../../H-x86_64-mingw32/nios2-elf/lib\libc.a(lib_a-sbrkr.o)
                0x00000000045857f4                _sbrk_r
 .text          0x0000000004585848        0x0 d:/fpga/nios2eds/bin/gnu/h-x86_64-mingw32/bin/../lib/gcc/nios2-elf/5.3.0/../../../../../H-x86_64-mingw32/nios2-elf/lib\libc.a(lib_a-strcpy.o)
 .text.strcpy   0x0000000004585848       0x90 d:/fpga/nios2eds/bin/gnu/h-x86_64-mingw32/bin/../lib/gcc/nios2-elf/5.3.0/../../../../../H-x86_64-mingw32/nios2-elf/lib\libc.a(lib_a-strcpy.o)
                0x0000000004585848                strcpy
 .text          0x00000000045858d8        0x0 d:/fpga/nios2eds/bin/gnu/h-x86_64-mingw32/bin/../lib/gcc/nios2-elf/5.3.0/../../../../../H-x86_64-mingw32/nios2-elf/lib\libc.a(lib_a-strlen.o)
 .text.strlen   0x00000000045858d8       0x98 d:/fpga/nios2eds/bin/gnu/h-x86_64-mingw32/bin/../lib/gcc/nios2-elf/5.3.0/../../../../../H-x86_64-mingw32/nios2-elf/lib\libc.a(lib_a-strlen.o)
                0x00000000045858d8                strlen
 .text          0x0000000004585970        0x0 d:/fpga/nios2eds/bin/gnu/h-x86_64-mingw32/bin/../lib/gcc/nios2-elf/5.3.0/../../../../../H-x86_64-mingw32/nios2-elf/lib\libc.a(lib_a-vfprintf.o)
 .text.___vfprintf_internal_r
                0x0000000004585970     0x21f8 d:/fpga/nios2eds/bin/gnu/h-x86_64-mingw32/bin/../lib/gcc/nios2-elf/5.3.0/../../../../../H-x86_64-mingw32/nios2-elf/lib\libc.a(lib_a-vfprintf.o)
                0x0000000004585970                ___vfprintf_internal_r
 .text.__vfprintf_internal
                0x0000000004587b68       0x1c d:/fpga/nios2eds/bin/gnu/h-x86_64-mingw32/bin/../lib/gcc/nios2-elf/5.3.0/../../../../../H-x86_64-mingw32/nios2-elf/lib\libc.a(lib_a-vfprintf.o)
                0x0000000004587b68                __vfprintf_internal
 .text.__sbprintf
                0x0000000004587b84       0xbc d:/fpga/nios2eds/bin/gnu/h-x86_64-mingw32/bin/../lib/gcc/nios2-elf/5.3.0/../../../../../H-x86_64-mingw32/nios2-elf/lib\libc.a(lib_a-vfprintf.o)
 .text          0x0000000004587c40        0x0 d:/fpga/nios2eds/bin/gnu/h-x86_64-mingw32/bin/../lib/gcc/nios2-elf/5.3.0/../../../../../H-x86_64-mingw32/nios2-elf/lib\libc.a(lib_a-wsetup.o)
 .text.__swsetup_r
                0x0000000004587c40      0x154 d:/fpga/nios2eds/bin/gnu/h-x86_64-mingw32/bin/../lib/gcc/nios2-elf/5.3.0/../../../../../H-x86_64-mingw32/nios2-elf/lib\libc.a(lib_a-wsetup.o)
                0x0000000004587c40                __swsetup_r
 .text          0x0000000004587d94        0x0 d:/fpga/nios2eds/bin/gnu/h-x86_64-mingw32/bin/../lib/gcc/nios2-elf/5.3.0/../../../../../H-x86_64-mingw32/nios2-elf/lib\libc.a(lib_a-dtoa.o)
 .text.quorem   0x0000000004587d94      0x200 d:/fpga/nios2eds/bin/gnu/h-x86_64-mingw32/bin/../lib/gcc/nios2-elf/5.3.0/../../../../../H-x86_64-mingw32/nios2-elf/lib\libc.a(lib_a-dtoa.o)
 .text._dtoa_r  0x0000000004587f94     0x1688 d:/fpga/nios2eds/bin/gnu/h-x86_64-mingw32/bin/../lib/gcc/nios2-elf/5.3.0/../../../../../H-x86_64-mingw32/nios2-elf/lib\libc.a(lib_a-dtoa.o)
                0x0000000004587f94                _dtoa_r
 .text          0x000000000458961c        0x0 d:/fpga/nios2eds/bin/gnu/h-x86_64-mingw32/bin/../lib/gcc/nios2-elf/5.3.0/../../../../../H-x86_64-mingw32/nios2-elf/lib\libc.a(lib_a-fflush.o)
 .text.__sflush_r
                0x000000000458961c      0x21c d:/fpga/nios2eds/bin/gnu/h-x86_64-mingw32/bin/../lib/gcc/nios2-elf/5.3.0/../../../../../H-x86_64-mingw32/nios2-elf/lib\libc.a(lib_a-fflush.o)
                0x000000000458961c                __sflush_r
 .text._fflush_r
                0x0000000004589838       0x5c d:/fpga/nios2eds/bin/gnu/h-x86_64-mingw32/bin/../lib/gcc/nios2-elf/5.3.0/../../../../../H-x86_64-mingw32/nios2-elf/lib\libc.a(lib_a-fflush.o)
                0x0000000004589838                _fflush_r
 .text.fflush   0x0000000004589894       0x30 d:/fpga/nios2eds/bin/gnu/h-x86_64-mingw32/bin/../lib/gcc/nios2-elf/5.3.0/../../../../../H-x86_64-mingw32/nios2-elf/lib\libc.a(lib_a-fflush.o)
                0x0000000004589894                fflush
 .text          0x00000000045898c4        0x0 d:/fpga/nios2eds/bin/gnu/h-x86_64-mingw32/bin/../lib/gcc/nios2-elf/5.3.0/../../../../../H-x86_64-mingw32/nios2-elf/lib\libc.a(lib_a-findfp.o)
 .text.__fp_unlock
                0x00000000045898c4        0x8 d:/fpga/nios2eds/bin/gnu/h-x86_64-mingw32/bin/../lib/gcc/nios2-elf/5.3.0/../../../../../H-x86_64-mingw32/nios2-elf/lib\libc.a(lib_a-findfp.o)
 .text._cleanup_r
                0x00000000045898cc        0xc d:/fpga/nios2eds/bin/gnu/h-x86_64-mingw32/bin/../lib/gcc/nios2-elf/5.3.0/../../../../../H-x86_64-mingw32/nios2-elf/lib\libc.a(lib_a-findfp.o)
                0x00000000045898cc                _cleanup_r
 .text.__sinit.part.1
                0x00000000045898d8      0x19c d:/fpga/nios2eds/bin/gnu/h-x86_64-mingw32/bin/../lib/gcc/nios2-elf/5.3.0/../../../../../H-x86_64-mingw32/nios2-elf/lib\libc.a(lib_a-findfp.o)
 .text.__fp_lock
                0x0000000004589a74        0x8 d:/fpga/nios2eds/bin/gnu/h-x86_64-mingw32/bin/../lib/gcc/nios2-elf/5.3.0/../../../../../H-x86_64-mingw32/nios2-elf/lib\libc.a(lib_a-findfp.o)
 .text.__sfmoreglue
                0x0000000004589a7c       0x68 d:/fpga/nios2eds/bin/gnu/h-x86_64-mingw32/bin/../lib/gcc/nios2-elf/5.3.0/../../../../../H-x86_64-mingw32/nios2-elf/lib\libc.a(lib_a-findfp.o)
                0x0000000004589a7c                __sfmoreglue
 .text.__sfp    0x0000000004589ae4      0x118 d:/fpga/nios2eds/bin/gnu/h-x86_64-mingw32/bin/../lib/gcc/nios2-elf/5.3.0/../../../../../H-x86_64-mingw32/nios2-elf/lib\libc.a(lib_a-findfp.o)
                0x0000000004589ae4                __sfp
 .text._cleanup
                0x0000000004589bfc       0x18 d:/fpga/nios2eds/bin/gnu/h-x86_64-mingw32/bin/../lib/gcc/nios2-elf/5.3.0/../../../../../H-x86_64-mingw32/nios2-elf/lib\libc.a(lib_a-findfp.o)
                0x0000000004589bfc                _cleanup
 .text.__sinit  0x0000000004589c14       0x10 d:/fpga/nios2eds/bin/gnu/h-x86_64-mingw32/bin/../lib/gcc/nios2-elf/5.3.0/../../../../../H-x86_64-mingw32/nios2-elf/lib\libc.a(lib_a-findfp.o)
                0x0000000004589c14                __sinit
 .text.__sfp_lock_acquire
                0x0000000004589c24        0x4 d:/fpga/nios2eds/bin/gnu/h-x86_64-mingw32/bin/../lib/gcc/nios2-elf/5.3.0/../../../../../H-x86_64-mingw32/nios2-elf/lib\libc.a(lib_a-findfp.o)
                0x0000000004589c24                __sfp_lock_acquire
 .text.__sfp_lock_release
                0x0000000004589c28        0x4 d:/fpga/nios2eds/bin/gnu/h-x86_64-mingw32/bin/../lib/gcc/nios2-elf/5.3.0/../../../../../H-x86_64-mingw32/nios2-elf/lib\libc.a(lib_a-findfp.o)
                0x0000000004589c28                __sfp_lock_release
 .text.__sinit_lock_acquire
                0x0000000004589c2c        0x4 d:/fpga/nios2eds/bin/gnu/h-x86_64-mingw32/bin/../lib/gcc/nios2-elf/5.3.0/../../../../../H-x86_64-mingw32/nios2-elf/lib\libc.a(lib_a-findfp.o)
                0x0000000004589c2c                __sinit_lock_acquire
 .text.__sinit_lock_release
                0x0000000004589c30        0x4 d:/fpga/nios2eds/bin/gnu/h-x86_64-mingw32/bin/../lib/gcc/nios2-elf/5.3.0/../../../../../H-x86_64-mingw32/nios2-elf/lib\libc.a(lib_a-findfp.o)
                0x0000000004589c30                __sinit_lock_release
 .text.__fp_lock_all
                0x0000000004589c34       0x18 d:/fpga/nios2eds/bin/gnu/h-x86_64-mingw32/bin/../lib/gcc/nios2-elf/5.3.0/../../../../../H-x86_64-mingw32/nios2-elf/lib\libc.a(lib_a-findfp.o)
                0x0000000004589c34                __fp_lock_all
 .text.__fp_unlock_all
                0x0000000004589c4c       0x18 d:/fpga/nios2eds/bin/gnu/h-x86_64-mingw32/bin/../lib/gcc/nios2-elf/5.3.0/../../../../../H-x86_64-mingw32/nios2-elf/lib\libc.a(lib_a-findfp.o)
                0x0000000004589c4c                __fp_unlock_all
 .text          0x0000000004589c64        0x0 d:/fpga/nios2eds/bin/gnu/h-x86_64-mingw32/bin/../lib/gcc/nios2-elf/5.3.0/../../../../../H-x86_64-mingw32/nios2-elf/lib\libc.a(lib_a-freer.o)
 .text._malloc_trim_r
                0x0000000004589c64      0x124 d:/fpga/nios2eds/bin/gnu/h-x86_64-mingw32/bin/../lib/gcc/nios2-elf/5.3.0/../../../../../H-x86_64-mingw32/nios2-elf/lib\libc.a(lib_a-freer.o)
                0x0000000004589c64                _malloc_trim_r
 .text._free_r  0x0000000004589d88      0x310 d:/fpga/nios2eds/bin/gnu/h-x86_64-mingw32/bin/../lib/gcc/nios2-elf/5.3.0/../../../../../H-x86_64-mingw32/nios2-elf/lib\libc.a(lib_a-freer.o)
                0x0000000004589d88                _free_r
 .text          0x000000000458a098        0x0 d:/fpga/nios2eds/bin/gnu/h-x86_64-mingw32/bin/../lib/gcc/nios2-elf/5.3.0/../../../../../H-x86_64-mingw32/nios2-elf/lib\libc.a(lib_a-fwalk.o)
 .text._fwalk   0x000000000458a098       0xc4 d:/fpga/nios2eds/bin/gnu/h-x86_64-mingw32/bin/../lib/gcc/nios2-elf/5.3.0/../../../../../H-x86_64-mingw32/nios2-elf/lib\libc.a(lib_a-fwalk.o)
                0x000000000458a098                _fwalk
 .text._fwalk_reent
                0x000000000458a15c       0xc4 d:/fpga/nios2eds/bin/gnu/h-x86_64-mingw32/bin/../lib/gcc/nios2-elf/5.3.0/../../../../../H-x86_64-mingw32/nios2-elf/lib\libc.a(lib_a-fwalk.o)
                0x000000000458a15c                _fwalk_reent
 .text          0x000000000458a220        0x0 d:/fpga/nios2eds/bin/gnu/h-x86_64-mingw32/bin/../lib/gcc/nios2-elf/5.3.0/../../../../../H-x86_64-mingw32/nios2-elf/lib\libc.a(lib_a-impure.o)
 .text          0x000000000458a220        0x0 d:/fpga/nios2eds/bin/gnu/h-x86_64-mingw32/bin/../lib/gcc/nios2-elf/5.3.0/../../../../../H-x86_64-mingw32/nios2-elf/lib\libc.a(lib_a-int_errno.o)
 .text          0x000000000458a220        0x0 d:/fpga/nios2eds/bin/gnu/h-x86_64-mingw32/bin/../lib/gcc/nios2-elf/5.3.0/../../../../../H-x86_64-mingw32/nios2-elf/lib\libc.a(lib_a-locale.o)
 .text._setlocale_r
                0x000000000458a220       0x7c d:/fpga/nios2eds/bin/gnu/h-x86_64-mingw32/bin/../lib/gcc/nios2-elf/5.3.0/../../../../../H-x86_64-mingw32/nios2-elf/lib\libc.a(lib_a-locale.o)
                0x000000000458a220                _setlocale_r
 .text.__locale_charset
                0x000000000458a29c        0xc d:/fpga/nios2eds/bin/gnu/h-x86_64-mingw32/bin/../lib/gcc/nios2-elf/5.3.0/../../../../../H-x86_64-mingw32/nios2-elf/lib\libc.a(lib_a-locale.o)
                0x000000000458a29c                __locale_charset
 .text.__locale_mb_cur_max
                0x000000000458a2a8       0x10 d:/fpga/nios2eds/bin/gnu/h-x86_64-mingw32/bin/../lib/gcc/nios2-elf/5.3.0/../../../../../H-x86_64-mingw32/nios2-elf/lib\libc.a(lib_a-locale.o)
                0x000000000458a2a8                __locale_mb_cur_max
 .text.__locale_msgcharset
                0x000000000458a2b8        0xc d:/fpga/nios2eds/bin/gnu/h-x86_64-mingw32/bin/../lib/gcc/nios2-elf/5.3.0/../../../../../H-x86_64-mingw32/nios2-elf/lib\libc.a(lib_a-locale.o)
                0x000000000458a2b8                __locale_msgcharset
 .text.__locale_cjk_lang
                0x000000000458a2c4        0x8 d:/fpga/nios2eds/bin/gnu/h-x86_64-mingw32/bin/../lib/gcc/nios2-elf/5.3.0/../../../../../H-x86_64-mingw32/nios2-elf/lib\libc.a(lib_a-locale.o)
                0x000000000458a2c4                __locale_cjk_lang
 .text._localeconv_r
                0x000000000458a2cc        0xc d:/fpga/nios2eds/bin/gnu/h-x86_64-mingw32/bin/../lib/gcc/nios2-elf/5.3.0/../../../../../H-x86_64-mingw32/nios2-elf/lib\libc.a(lib_a-locale.o)
                0x000000000458a2cc                _localeconv_r
 .text.setlocale
                0x000000000458a2d8       0x18 d:/fpga/nios2eds/bin/gnu/h-x86_64-mingw32/bin/../lib/gcc/nios2-elf/5.3.0/../../../../../H-x86_64-mingw32/nios2-elf/lib\libc.a(lib_a-locale.o)
                0x000000000458a2d8                setlocale
 .text.localeconv
                0x000000000458a2f0        0xc d:/fpga/nios2eds/bin/gnu/h-x86_64-mingw32/bin/../lib/gcc/nios2-elf/5.3.0/../../../../../H-x86_64-mingw32/nios2-elf/lib\libc.a(lib_a-locale.o)
                0x000000000458a2f0                localeconv
 .text          0x000000000458a2fc        0x0 d:/fpga/nios2eds/bin/gnu/h-x86_64-mingw32/bin/../lib/gcc/nios2-elf/5.3.0/../../../../../H-x86_64-mingw32/nios2-elf/lib\libc.a(lib_a-makebuf.o)
 .text.__smakebuf_r
                0x000000000458a2fc      0x1bc d:/fpga/nios2eds/bin/gnu/h-x86_64-mingw32/bin/../lib/gcc/nios2-elf/5.3.0/../../../../../H-x86_64-mingw32/nios2-elf/lib\libc.a(lib_a-makebuf.o)
                0x000000000458a2fc                __smakebuf_r
 .text          0x000000000458a4b8        0x0 d:/fpga/nios2eds/bin/gnu/h-x86_64-mingw32/bin/../lib/gcc/nios2-elf/5.3.0/../../../../../H-x86_64-mingw32/nios2-elf/lib\libc.a(lib_a-memchr.o)
 .text.memchr   0x000000000458a4b8       0xe4 d:/fpga/nios2eds/bin/gnu/h-x86_64-mingw32/bin/../lib/gcc/nios2-elf/5.3.0/../../../../../H-x86_64-mingw32/nios2-elf/lib\libc.a(lib_a-memchr.o)
                0x000000000458a4b8                memchr
 .text          0x000000000458a59c        0x0 d:/fpga/nios2eds/bin/gnu/h-x86_64-mingw32/bin/../lib/gcc/nios2-elf/5.3.0/../../../../../H-x86_64-mingw32/nios2-elf/lib\libc.a(lib_a-mprec.o)
 .text._Balloc  0x000000000458a59c       0xa8 d:/fpga/nios2eds/bin/gnu/h-x86_64-mingw32/bin/../lib/gcc/nios2-elf/5.3.0/../../../../../H-x86_64-mingw32/nios2-elf/lib\libc.a(lib_a-mprec.o)
                0x000000000458a59c                _Balloc
 .text._Bfree   0x000000000458a644       0x28 d:/fpga/nios2eds/bin/gnu/h-x86_64-mingw32/bin/../lib/gcc/nios2-elf/5.3.0/../../../../../H-x86_64-mingw32/nios2-elf/lib\libc.a(lib_a-mprec.o)
                0x000000000458a644                _Bfree
 .text.__multadd
                0x000000000458a66c      0x120 d:/fpga/nios2eds/bin/gnu/h-x86_64-mingw32/bin/../lib/gcc/nios2-elf/5.3.0/../../../../../H-x86_64-mingw32/nios2-elf/lib\libc.a(lib_a-mprec.o)
                0x000000000458a66c                __multadd
 .text.__s2b    0x000000000458a78c      0x104 d:/fpga/nios2eds/bin/gnu/h-x86_64-mingw32/bin/../lib/gcc/nios2-elf/5.3.0/../../../../../H-x86_64-mingw32/nios2-elf/lib\libc.a(lib_a-mprec.o)
                0x000000000458a78c                __s2b
 .text.__hi0bits
                0x000000000458a890       0x68 d:/fpga/nios2eds/bin/gnu/h-x86_64-mingw32/bin/../lib/gcc/nios2-elf/5.3.0/../../../../../H-x86_64-mingw32/nios2-elf/lib\libc.a(lib_a-mprec.o)
                0x000000000458a890                __hi0bits
 .text.__lo0bits
                0x000000000458a8f8       0xb0 d:/fpga/nios2eds/bin/gnu/h-x86_64-mingw32/bin/../lib/gcc/nios2-elf/5.3.0/../../../../../H-x86_64-mingw32/nios2-elf/lib\libc.a(lib_a-mprec.o)
                0x000000000458a8f8                __lo0bits
 .text.__i2b    0x000000000458a9a8       0x3c d:/fpga/nios2eds/bin/gnu/h-x86_64-mingw32/bin/../lib/gcc/nios2-elf/5.3.0/../../../../../H-x86_64-mingw32/nios2-elf/lib\libc.a(lib_a-mprec.o)
                0x000000000458a9a8                __i2b
 .text.__multiply
                0x000000000458a9e4      0x1f8 d:/fpga/nios2eds/bin/gnu/h-x86_64-mingw32/bin/../lib/gcc/nios2-elf/5.3.0/../../../../../H-x86_64-mingw32/nios2-elf/lib\libc.a(lib_a-mprec.o)
                0x000000000458a9e4                __multiply
 .text.__pow5mult
                0x000000000458abdc      0x140 d:/fpga/nios2eds/bin/gnu/h-x86_64-mingw32/bin/../lib/gcc/nios2-elf/5.3.0/../../../../../H-x86_64-mingw32/nios2-elf/lib\libc.a(lib_a-mprec.o)
                0x000000000458abdc                __pow5mult
 .text.__lshift
                0x000000000458ad1c      0x148 d:/fpga/nios2eds/bin/gnu/h-x86_64-mingw32/bin/../lib/gcc/nios2-elf/5.3.0/../../../../../H-x86_64-mingw32/nios2-elf/lib\libc.a(lib_a-mprec.o)
                0x000000000458ad1c                __lshift
 .text.__mcmp   0x000000000458ae64       0x60 d:/fpga/nios2eds/bin/gnu/h-x86_64-mingw32/bin/../lib/gcc/nios2-elf/5.3.0/../../../../../H-x86_64-mingw32/nios2-elf/lib\libc.a(lib_a-mprec.o)
                0x000000000458ae64                __mcmp
 .text.__mdiff  0x000000000458aec4      0x1fc d:/fpga/nios2eds/bin/gnu/h-x86_64-mingw32/bin/../lib/gcc/nios2-elf/5.3.0/../../../../../H-x86_64-mingw32/nios2-elf/lib\libc.a(lib_a-mprec.o)
                0x000000000458aec4                __mdiff
 .text.__ulp    0x000000000458b0c0       0x64 d:/fpga/nios2eds/bin/gnu/h-x86_64-mingw32/bin/../lib/gcc/nios2-elf/5.3.0/../../../../../H-x86_64-mingw32/nios2-elf/lib\libc.a(lib_a-mprec.o)
                0x000000000458b0c0                __ulp
 .text.__b2d    0x000000000458b124      0x10c d:/fpga/nios2eds/bin/gnu/h-x86_64-mingw32/bin/../lib/gcc/nios2-elf/5.3.0/../../../../../H-x86_64-mingw32/nios2-elf/lib\libc.a(lib_a-mprec.o)
                0x000000000458b124                __b2d
 .text.__d2b    0x000000000458b230      0x14c d:/fpga/nios2eds/bin/gnu/h-x86_64-mingw32/bin/../lib/gcc/nios2-elf/5.3.0/../../../../../H-x86_64-mingw32/nios2-elf/lib\libc.a(lib_a-mprec.o)
                0x000000000458b230                __d2b
 .text.__ratio  0x000000000458b37c       0xa4 d:/fpga/nios2eds/bin/gnu/h-x86_64-mingw32/bin/../lib/gcc/nios2-elf/5.3.0/../../../../../H-x86_64-mingw32/nios2-elf/lib\libc.a(lib_a-mprec.o)
                0x000000000458b37c                __ratio
 .text._mprec_log10
                0x000000000458b420       0x74 d:/fpga/nios2eds/bin/gnu/h-x86_64-mingw32/bin/../lib/gcc/nios2-elf/5.3.0/../../../../../H-x86_64-mingw32/nios2-elf/lib\libc.a(lib_a-mprec.o)
                0x000000000458b420                _mprec_log10
 .text.__copybits
                0x000000000458b494       0x78 d:/fpga/nios2eds/bin/gnu/h-x86_64-mingw32/bin/../lib/gcc/nios2-elf/5.3.0/../../../../../H-x86_64-mingw32/nios2-elf/lib\libc.a(lib_a-mprec.o)
                0x000000000458b494                __copybits
 .text.__any_on
                0x000000000458b50c       0x8c d:/fpga/nios2eds/bin/gnu/h-x86_64-mingw32/bin/../lib/gcc/nios2-elf/5.3.0/../../../../../H-x86_64-mingw32/nios2-elf/lib\libc.a(lib_a-mprec.o)
                0x000000000458b50c                __any_on
 .text          0x000000000458b598        0x0 d:/fpga/nios2eds/bin/gnu/h-x86_64-mingw32/bin/../lib/gcc/nios2-elf/5.3.0/../../../../../H-x86_64-mingw32/nios2-elf/lib\libc.a(lib_a-s_fpclassify.o)
 .text.__fpclassifyd
                0x000000000458b598       0x74 d:/fpga/nios2eds/bin/gnu/h-x86_64-mingw32/bin/../lib/gcc/nios2-elf/5.3.0/../../../../../H-x86_64-mingw32/nios2-elf/lib\libc.a(lib_a-s_fpclassify.o)
                0x000000000458b598                __fpclassifyd
 .text          0x000000000458b60c        0x0 d:/fpga/nios2eds/bin/gnu/h-x86_64-mingw32/bin/../lib/gcc/nios2-elf/5.3.0/../../../../../H-x86_64-mingw32/nios2-elf/lib\libc.a(lib_a-stdio.o)
 .text.__sread  0x000000000458b60c       0x54 d:/fpga/nios2eds/bin/gnu/h-x86_64-mingw32/bin/../lib/gcc/nios2-elf/5.3.0/../../../../../H-x86_64-mingw32/nios2-elf/lib\libc.a(lib_a-stdio.o)
                0x000000000458b60c                __sread
 .text.__seofread
                0x000000000458b660        0x8 d:/fpga/nios2eds/bin/gnu/h-x86_64-mingw32/bin/../lib/gcc/nios2-elf/5.3.0/../../../../../H-x86_64-mingw32/nios2-elf/lib\libc.a(lib_a-stdio.o)
                0x000000000458b660                __seofread
 .text.__swrite
                0x000000000458b668       0x7c d:/fpga/nios2eds/bin/gnu/h-x86_64-mingw32/bin/../lib/gcc/nios2-elf/5.3.0/../../../../../H-x86_64-mingw32/nios2-elf/lib\libc.a(lib_a-stdio.o)
                0x000000000458b668                __swrite
 .text.__sseek  0x000000000458b6e4       0x5c d:/fpga/nios2eds/bin/gnu/h-x86_64-mingw32/bin/../lib/gcc/nios2-elf/5.3.0/../../../../../H-x86_64-mingw32/nios2-elf/lib\libc.a(lib_a-stdio.o)
                0x000000000458b6e4                __sseek
 .text.__sclose
                0x000000000458b740        0x8 d:/fpga/nios2eds/bin/gnu/h-x86_64-mingw32/bin/../lib/gcc/nios2-elf/5.3.0/../../../../../H-x86_64-mingw32/nios2-elf/lib\libc.a(lib_a-stdio.o)
                0x000000000458b740                __sclose
 .text          0x000000000458b748        0x0 d:/fpga/nios2eds/bin/gnu/h-x86_64-mingw32/bin/../lib/gcc/nios2-elf/5.3.0/../../../../../H-x86_64-mingw32/nios2-elf/lib\libc.a(lib_a-strcmp.o)
 .text.strcmp   0x000000000458b748       0xdc d:/fpga/nios2eds/bin/gnu/h-x86_64-mingw32/bin/../lib/gcc/nios2-elf/5.3.0/../../../../../H-x86_64-mingw32/nios2-elf/lib\libc.a(lib_a-strcmp.o)
                0x000000000458b748                strcmp
 .text          0x000000000458b824        0x0 d:/fpga/nios2eds/bin/gnu/h-x86_64-mingw32/bin/../lib/gcc/nios2-elf/5.3.0/../../../../../H-x86_64-mingw32/nios2-elf/lib\libc.a(lib_a-vfiprintf.o)
 .text.__sprint_r.part.0
                0x000000000458b824       0xfc d:/fpga/nios2eds/bin/gnu/h-x86_64-mingw32/bin/../lib/gcc/nios2-elf/5.3.0/../../../../../H-x86_64-mingw32/nios2-elf/lib\libc.a(lib_a-vfiprintf.o)
 .text.__sprint_r
                0x000000000458b920       0x18 d:/fpga/nios2eds/bin/gnu/h-x86_64-mingw32/bin/../lib/gcc/nios2-elf/5.3.0/../../../../../H-x86_64-mingw32/nios2-elf/lib\libc.a(lib_a-vfiprintf.o)
                0x000000000458b920                __sprint_r
 .text.___vfiprintf_internal_r
                0x000000000458b938     0x145c d:/fpga/nios2eds/bin/gnu/h-x86_64-mingw32/bin/../lib/gcc/nios2-elf/5.3.0/../../../../../H-x86_64-mingw32/nios2-elf/lib\libc.a(lib_a-vfiprintf.o)
                0x000000000458b938                ___vfiprintf_internal_r
 .text.__vfiprintf_internal
                0x000000000458cd94       0x1c d:/fpga/nios2eds/bin/gnu/h-x86_64-mingw32/bin/../lib/gcc/nios2-elf/5.3.0/../../../../../H-x86_64-mingw32/nios2-elf/lib\libc.a(lib_a-vfiprintf.o)
                0x000000000458cd94                __vfiprintf_internal
 .text.__sbprintf
                0x000000000458cdb0       0xbc d:/fpga/nios2eds/bin/gnu/h-x86_64-mingw32/bin/../lib/gcc/nios2-elf/5.3.0/../../../../../H-x86_64-mingw32/nios2-elf/lib\libc.a(lib_a-vfiprintf.o)
 .text          0x000000000458ce6c        0x0 d:/fpga/nios2eds/bin/gnu/h-x86_64-mingw32/bin/../lib/gcc/nios2-elf/5.3.0/../../../../../H-x86_64-mingw32/nios2-elf/lib\libc.a(lib_a-writer.o)
 .text._write_r
                0x000000000458ce6c       0x60 d:/fpga/nios2eds/bin/gnu/h-x86_64-mingw32/bin/../lib/gcc/nios2-elf/5.3.0/../../../../../H-x86_64-mingw32/nios2-elf/lib\libc.a(lib_a-writer.o)
                0x000000000458ce6c                _write_r
 .text          0x000000000458cecc        0x0 d:/fpga/nios2eds/bin/gnu/h-x86_64-mingw32/bin/../lib/gcc/nios2-elf/5.3.0/../../../../../H-x86_64-mingw32/nios2-elf/lib\libc.a(closer.o)
 .text._close_r
                0x000000000458cecc       0x54 d:/fpga/nios2eds/bin/gnu/h-x86_64-mingw32/bin/../lib/gcc/nios2-elf/5.3.0/../../../../../H-x86_64-mingw32/nios2-elf/lib\libc.a(closer.o)
                0x000000000458cecc                _close_r
 .text          0x000000000458cf20        0x0 d:/fpga/nios2eds/bin/gnu/h-x86_64-mingw32/bin/../lib/gcc/nios2-elf/5.3.0/../../../../../H-x86_64-mingw32/nios2-elf/lib\libc.a(lib_a-callocr.o)
 .text._calloc_r
                0x000000000458cf20       0xc4 d:/fpga/nios2eds/bin/gnu/h-x86_64-mingw32/bin/../lib/gcc/nios2-elf/5.3.0/../../../../../H-x86_64-mingw32/nios2-elf/lib\libc.a(lib_a-callocr.o)
                0x000000000458cf20                _calloc_r
 .text          0x000000000458cfe4        0x0 d:/fpga/nios2eds/bin/gnu/h-x86_64-mingw32/bin/../lib/gcc/nios2-elf/5.3.0/../../../../../H-x86_64-mingw32/nios2-elf/lib\libc.a(lib_a-fclose.o)
 .text._fclose_r
                0x000000000458cfe4       0xf0 d:/fpga/nios2eds/bin/gnu/h-x86_64-mingw32/bin/../lib/gcc/nios2-elf/5.3.0/../../../../../H-x86_64-mingw32/nios2-elf/lib\libc.a(lib_a-fclose.o)
                0x000000000458cfe4                _fclose_r
 .text.fclose   0x000000000458d0d4       0x14 d:/fpga/nios2eds/bin/gnu/h-x86_64-mingw32/bin/../lib/gcc/nios2-elf/5.3.0/../../../../../H-x86_64-mingw32/nios2-elf/lib\libc.a(lib_a-fclose.o)
                0x000000000458d0d4                fclose
 .text          0x000000000458d0e8        0x0 d:/fpga/nios2eds/bin/gnu/h-x86_64-mingw32/bin/../lib/gcc/nios2-elf/5.3.0/../../../../../H-x86_64-mingw32/nios2-elf/lib\libc.a(lib_a-fputwc.o)
 .text.__fputwc
                0x000000000458d0e8      0x164 d:/fpga/nios2eds/bin/gnu/h-x86_64-mingw32/bin/../lib/gcc/nios2-elf/5.3.0/../../../../../H-x86_64-mingw32/nios2-elf/lib\libc.a(lib_a-fputwc.o)
                0x000000000458d0e8                __fputwc
 .text._fputwc_r
                0x000000000458d24c       0x24 d:/fpga/nios2eds/bin/gnu/h-x86_64-mingw32/bin/../lib/gcc/nios2-elf/5.3.0/../../../../../H-x86_64-mingw32/nios2-elf/lib\libc.a(lib_a-fputwc.o)
                0x000000000458d24c                _fputwc_r
 .text.fputwc   0x000000000458d270       0x80 d:/fpga/nios2eds/bin/gnu/h-x86_64-mingw32/bin/../lib/gcc/nios2-elf/5.3.0/../../../../../H-x86_64-mingw32/nios2-elf/lib\libc.a(lib_a-fputwc.o)
                0x000000000458d270                fputwc
 .text          0x000000000458d2f0        0x0 d:/fpga/nios2eds/bin/gnu/h-x86_64-mingw32/bin/../lib/gcc/nios2-elf/5.3.0/../../../../../H-x86_64-mingw32/nios2-elf/lib\libc.a(lib_a-fstatr.o)
 .text._fstat_r
                0x000000000458d2f0       0x5c d:/fpga/nios2eds/bin/gnu/h-x86_64-mingw32/bin/../lib/gcc/nios2-elf/5.3.0/../../../../../H-x86_64-mingw32/nios2-elf/lib\libc.a(lib_a-fstatr.o)
                0x000000000458d2f0                _fstat_r
 .text          0x000000000458d34c        0x0 d:/fpga/nios2eds/bin/gnu/h-x86_64-mingw32/bin/../lib/gcc/nios2-elf/5.3.0/../../../../../H-x86_64-mingw32/nios2-elf/lib\libc.a(lib_a-fvwrite.o)
 .text.__sfvwrite_r
                0x000000000458d34c      0x4bc d:/fpga/nios2eds/bin/gnu/h-x86_64-mingw32/bin/../lib/gcc/nios2-elf/5.3.0/../../../../../H-x86_64-mingw32/nios2-elf/lib\libc.a(lib_a-fvwrite.o)
                0x000000000458d34c                __sfvwrite_r
 .text          0x000000000458d808        0x0 d:/fpga/nios2eds/bin/gnu/h-x86_64-mingw32/bin/../lib/gcc/nios2-elf/5.3.0/../../../../../H-x86_64-mingw32/nios2-elf/lib\libc.a(lib_a-isattyr.o)
 .text._isatty_r
                0x000000000458d808       0x54 d:/fpga/nios2eds/bin/gnu/h-x86_64-mingw32/bin/../lib/gcc/nios2-elf/5.3.0/../../../../../H-x86_64-mingw32/nios2-elf/lib\libc.a(lib_a-isattyr.o)
                0x000000000458d808                _isatty_r
 .text          0x000000000458d85c        0x0 d:/fpga/nios2eds/bin/gnu/h-x86_64-mingw32/bin/../lib/gcc/nios2-elf/5.3.0/../../../../../H-x86_64-mingw32/nios2-elf/lib\libc.a(lib_a-lseekr.o)
 .text._lseek_r
                0x000000000458d85c       0x60 d:/fpga/nios2eds/bin/gnu/h-x86_64-mingw32/bin/../lib/gcc/nios2-elf/5.3.0/../../../../../H-x86_64-mingw32/nios2-elf/lib\libc.a(lib_a-lseekr.o)
                0x000000000458d85c                _lseek_r
 .text          0x000000000458d8bc        0x0 d:/fpga/nios2eds/bin/gnu/h-x86_64-mingw32/bin/../lib/gcc/nios2-elf/5.3.0/../../../../../H-x86_64-mingw32/nios2-elf/lib\libc.a(lib_a-memmove.o)
 .text.memmove  0x000000000458d8bc      0x15c d:/fpga/nios2eds/bin/gnu/h-x86_64-mingw32/bin/../lib/gcc/nios2-elf/5.3.0/../../../../../H-x86_64-mingw32/nios2-elf/lib\libc.a(lib_a-memmove.o)
                0x000000000458d8bc                memmove
 .text          0x000000000458da18        0x0 d:/fpga/nios2eds/bin/gnu/h-x86_64-mingw32/bin/../lib/gcc/nios2-elf/5.3.0/../../../../../H-x86_64-mingw32/nios2-elf/lib\libc.a(lib_a-readr.o)
 .text._read_r  0x000000000458da18       0x60 d:/fpga/nios2eds/bin/gnu/h-x86_64-mingw32/bin/../lib/gcc/nios2-elf/5.3.0/../../../../../H-x86_64-mingw32/nios2-elf/lib\libc.a(lib_a-readr.o)
                0x000000000458da18                _read_r
 .text          0x000000000458da78        0x0 d:/fpga/nios2eds/bin/gnu/h-x86_64-mingw32/bin/../lib/gcc/nios2-elf/5.3.0/../../../../../H-x86_64-mingw32/nios2-elf/lib\libc.a(lib_a-reallocr.o)
 .text._realloc_r
                0x000000000458da78      0x564 d:/fpga/nios2eds/bin/gnu/h-x86_64-mingw32/bin/../lib/gcc/nios2-elf/5.3.0/../../../../../H-x86_64-mingw32/nios2-elf/lib\libc.a(lib_a-reallocr.o)
                0x000000000458da78                _realloc_r
 .text          0x000000000458dfdc        0x0 d:/fpga/nios2eds/bin/gnu/h-x86_64-mingw32/bin/../lib/gcc/nios2-elf/5.3.0/../../../../../H-x86_64-mingw32/nios2-elf/lib\libc.a(lib_a-wbuf.o)
 .text.__swbuf_r
                0x000000000458dfdc      0x140 d:/fpga/nios2eds/bin/gnu/h-x86_64-mingw32/bin/../lib/gcc/nios2-elf/5.3.0/../../../../../H-x86_64-mingw32/nios2-elf/lib\libc.a(lib_a-wbuf.o)
                0x000000000458dfdc                __swbuf_r
 .text.__swbuf  0x000000000458e11c       0x18 d:/fpga/nios2eds/bin/gnu/h-x86_64-mingw32/bin/../lib/gcc/nios2-elf/5.3.0/../../../../../H-x86_64-mingw32/nios2-elf/lib\libc.a(lib_a-wbuf.o)
                0x000000000458e11c                __swbuf
 .text          0x000000000458e134        0x0 d:/fpga/nios2eds/bin/gnu/h-x86_64-mingw32/bin/../lib/gcc/nios2-elf/5.3.0/../../../../../H-x86_64-mingw32/nios2-elf/lib\libc.a(lib_a-wcrtomb.o)
 .text._wcrtomb_r
                0x000000000458e134       0x9c d:/fpga/nios2eds/bin/gnu/h-x86_64-mingw32/bin/../lib/gcc/nios2-elf/5.3.0/../../../../../H-x86_64-mingw32/nios2-elf/lib\libc.a(lib_a-wcrtomb.o)
                0x000000000458e134                _wcrtomb_r
 .text.wcrtomb  0x000000000458e1d0       0xc0 d:/fpga/nios2eds/bin/gnu/h-x86_64-mingw32/bin/../lib/gcc/nios2-elf/5.3.0/../../../../../H-x86_64-mingw32/nios2-elf/lib\libc.a(lib_a-wcrtomb.o)
                0x000000000458e1d0                wcrtomb
 .text          0x000000000458e290        0x0 d:/fpga/nios2eds/bin/gnu/h-x86_64-mingw32/bin/../lib/gcc/nios2-elf/5.3.0/../../../../../H-x86_64-mingw32/nios2-elf/lib\libc.a(lib_a-wctomb_r.o)
 .text.__ascii_wctomb
                0x000000000458e290       0x30 d:/fpga/nios2eds/bin/gnu/h-x86_64-mingw32/bin/../lib/gcc/nios2-elf/5.3.0/../../../../../H-x86_64-mingw32/nios2-elf/lib\libc.a(lib_a-wctomb_r.o)
                0x000000000458e290                __ascii_wctomb
 .text._wctomb_r
                0x000000000458e2c0       0x5c d:/fpga/nios2eds/bin/gnu/h-x86_64-mingw32/bin/../lib/gcc/nios2-elf/5.3.0/../../../../../H-x86_64-mingw32/nios2-elf/lib\libc.a(lib_a-wctomb_r.o)
                0x000000000458e2c0                _wctomb_r
 .text          0x000000000458e31c      0x578 d:/fpga/nios2eds/bin/gnu/h-x86_64-mingw32/bin/../lib/gcc/nios2-elf/5.3.0\libgcc.a(_udivdi3.o)
                0x000000000458e31c                __udivdi3
 .text          0x000000000458e894      0x538 d:/fpga/nios2eds/bin/gnu/h-x86_64-mingw32/bin/../lib/gcc/nios2-elf/5.3.0\libgcc.a(_umoddi3.o)
                0x000000000458e894                __umoddi3
 .text          0x000000000458edcc      0x8ac d:/fpga/nios2eds/bin/gnu/h-x86_64-mingw32/bin/../lib/gcc/nios2-elf/5.3.0\libgcc.a(adddf3.o)
                0x000000000458edcc                __adddf3
 .text          0x000000000458f678      0x8e8 d:/fpga/nios2eds/bin/gnu/h-x86_64-mingw32/bin/../lib/gcc/nios2-elf/5.3.0\libgcc.a(divdf3.o)
                0x000000000458f678                __divdf3
 .text          0x000000000458ff60       0x88 d:/fpga/nios2eds/bin/gnu/h-x86_64-mingw32/bin/../lib/gcc/nios2-elf/5.3.0\libgcc.a(eqdf2.o)
                0x000000000458ff60                __nedf2
                0x000000000458ff60                __eqdf2
 .text          0x000000000458ffe8       0xdc d:/fpga/nios2eds/bin/gnu/h-x86_64-mingw32/bin/../lib/gcc/nios2-elf/5.3.0\libgcc.a(gedf2.o)
                0x000000000458ffe8                __gedf2
                0x000000000458ffe8                __gtdf2
 .text          0x00000000045900c4       0xf4 d:/fpga/nios2eds/bin/gnu/h-x86_64-mingw32/bin/../lib/gcc/nios2-elf/5.3.0\libgcc.a(ledf2.o)
                0x00000000045900c4                __ledf2
                0x00000000045900c4                __ltdf2
 .text          0x00000000045901b8      0x718 d:/fpga/nios2eds/bin/gnu/h-x86_64-mingw32/bin/../lib/gcc/nios2-elf/5.3.0\libgcc.a(muldf3.o)
                0x00000000045901b8                __muldf3
 .text          0x00000000045908d0      0x8fc d:/fpga/nios2eds/bin/gnu/h-x86_64-mingw32/bin/../lib/gcc/nios2-elf/5.3.0\libgcc.a(subdf3.o)
                0x00000000045908d0                __subdf3
 .text          0x00000000045911cc       0x80 d:/fpga/nios2eds/bin/gnu/h-x86_64-mingw32/bin/../lib/gcc/nios2-elf/5.3.0\libgcc.a(fixdfsi.o)
                0x00000000045911cc                __fixdfsi
 .text          0x000000000459124c       0xdc d:/fpga/nios2eds/bin/gnu/h-x86_64-mingw32/bin/../lib/gcc/nios2-elf/5.3.0\libgcc.a(floatsidf.o)
                0x000000000459124c                __floatsidf
 .text          0x0000000004591328       0xa8 d:/fpga/nios2eds/bin/gnu/h-x86_64-mingw32/bin/../lib/gcc/nios2-elf/5.3.0\libgcc.a(floatunsidf.o)
                0x0000000004591328                __floatunsidf
 .text          0x00000000045913d0        0x0 d:/fpga/nios2eds/bin/gnu/h-x86_64-mingw32/bin/../lib/gcc/nios2-elf/5.3.0\libgcc.a(_clz.o)
 .text          0x00000000045913d0       0x64 d:/fpga/nios2eds/bin/gnu/h-x86_64-mingw32/bin/../lib/gcc/nios2-elf/5.3.0\libgcc.a(_clzsi2.o)
                0x00000000045913d0                __clzsi2
 .text          0x0000000004591434       0xb8 ../lab5_bsp/\libucosii_bsp.a(alt_close.o)
                0x0000000004591434                close
 .text          0x00000000045914ec       0x18 ../lab5_bsp/\libucosii_bsp.a(alt_dcache_flush_all.o)
                0x00000000045914ec                alt_dcache_flush_all
 .text          0x0000000004591504        0x8 ../lab5_bsp/\libucosii_bsp.a(alt_dev.o)
 .text          0x000000000459150c        0x0 ../lab5_bsp/\libucosii_bsp.a(alt_errno.o)
 .text          0x000000000459150c       0x74 ../lab5_bsp/\libucosii_bsp.a(alt_fstat.o)
                0x000000000459150c                fstat
 .text          0x0000000004591580       0xa8 ../lab5_bsp/\libucosii_bsp.a(alt_iic.o)
                0x0000000004591580                alt_ic_isr_register
                0x00000000045915a0                alt_ic_irq_enable
                0x00000000045915d8                alt_ic_irq_disable
                0x0000000004591610                alt_ic_irq_enabled
 .text          0x0000000004591628       0x6c ../lab5_bsp/\libucosii_bsp.a(alt_iic_isr_register.o)
                0x0000000004591628                alt_iic_isr_register
 .text          0x0000000004591694        0x0 ../lab5_bsp/\libucosii_bsp.a(alt_irq_entry.o)
 .text          0x0000000004591694        0x0 ../lab5_bsp/\libucosii_bsp.a(alt_irq_handler.o)
 .text          0x0000000004591694        0x0 ../lab5_bsp/\libucosii_bsp.a(alt_irq_vars.o)
 .text          0x0000000004591694       0x84 ../lab5_bsp/\libucosii_bsp.a(alt_isatty.o)
                0x0000000004591694                isatty
 .text          0x0000000004591718      0x184 ../lab5_bsp/\libucosii_bsp.a(alt_load.o)
                0x0000000004591718                alt_load
 .text          0x000000000459189c       0x90 ../lab5_bsp/\libucosii_bsp.a(alt_lseek.o)
                0x000000000459189c                lseek
 .text          0x000000000459192c       0x90 ../lab5_bsp/\libucosii_bsp.a(alt_main.o)
                0x000000000459192c                alt_main
 .text          0x00000000045919bc       0xd8 ../lab5_bsp/\libucosii_bsp.a(alt_read.o)
                0x00000000045919bc                read
 .text          0x0000000004591a94       0x24 ../lab5_bsp/\libucosii_bsp.a(alt_release_fd.o)
                0x0000000004591a94                alt_release_fd
 .text          0x0000000004591ab8       0x4c ../lab5_bsp/\libucosii_bsp.a(alt_sbrk.o)
                0x0000000004591ab8                sbrk
 .text          0x0000000004591b04      0x108 ../lab5_bsp/\libucosii_bsp.a(alt_tick.o)
                0x0000000004591b04                alt_alarm_stop
                0x0000000004591b3c                alt_tick
 .text          0x0000000004591c0c       0xd4 ../lab5_bsp/\libucosii_bsp.a(alt_write.o)
                0x0000000004591c0c                write
 .text          0x0000000004591ce0       0xb8 ../lab5_bsp/\libucosii_bsp.a(alt_env_lock.o)
                0x0000000004591ce0                __env_lock
                0x0000000004591d60                __env_unlock
 .text          0x0000000004591d98      0x110 ../lab5_bsp/\libucosii_bsp.a(alt_malloc_lock.o)
                0x0000000004591d98                __malloc_lock
                0x0000000004591e3c                __malloc_unlock
 .text          0x0000000004591ea8     0x11e4 ../lab5_bsp/\libucosii_bsp.a(os_core.o)
                0x0000000004591ee4                OS_TaskIdle
                0x0000000004591f18                OSIntEnter
                0x0000000004591f40                OSIntExit
                0x0000000004591fec                OSSchedLock
                0x0000000004592030                OSStart
                0x0000000004592080                OSStatInit
                0x00000000045920e4                OSTimeTick
                0x0000000004592204                OSVersion
                0x000000000459220c                OS_Dummy
                0x0000000004592210                OS_EventTaskWait
                0x0000000004592284                OS_EventTaskWaitMulti
                0x0000000004592310                OS_EventTaskRemove
                0x0000000004592350                OS_EventTaskRemoveMulti
                0x00000000045923a8                OS_EventTaskRdy
                0x0000000004592498                OS_EventWaitListInit
                0x00000000045924ac                OS_MemClr
                0x00000000045924d8                OSInit
                0x0000000004592700                OS_MemCopy
                0x0000000004592734                OS_Sched
                0x00000000045927c0                OSEventPendMulti
                0x0000000004592b68                OSSchedUnlock
                0x0000000004592be0                OS_StrCopy
                0x0000000004592c24                OSEventNameGet
                0x0000000004592ce4                OS_StrLen
                0x0000000004592d0c                OSEventNameSet
                0x0000000004592de8                OS_TaskStatStkChk
                0x0000000004592e7c                OS_TaskStat
                0x0000000004592f10                OS_TCBInit
 .text          0x000000000459308c        0x4 ../lab5_bsp/\libucosii_bsp.a(os_dbg.o)
                0x000000000459308c                OSDebugInit
 .text          0x0000000004593090      0xd50 ../lab5_bsp/\libucosii_bsp.a(os_flag.o)
                0x0000000004593120                OSFlagAccept
                0x00000000045932b4                OSFlagCreate
                0x0000000004593334                OSFlagNameGet
                0x00000000045933f4                OSFlagNameSet
                0x00000000045934d0                OSFlagPendGetFlagsRdy
                0x00000000045934f0                OSFlagQuery
                0x000000000459354c                OS_FlagInit
                0x00000000045935e0                OS_FlagUnlink
                0x000000000459369c                OSFlagDel
                0x0000000004593814                OSFlagPost
                0x0000000004593a68                OSFlagPend
 .text          0x0000000004593de0      0x414 ../lab5_bsp/\libucosii_bsp.a(os_mem.o)
                0x0000000004593de0                OSMemCreate
                0x0000000004593ee0                OSMemGet
                0x0000000004593f4c                OSMemNameGet
                0x0000000004593fec                OSMemNameSet
                0x00000000045940ac                OSMemPut
                0x0000000004594110                OSMemQuery
                0x0000000004594174                OS_MemInit
 .text          0x00000000045941f4      0xa30 ../lab5_bsp/\libucosii_bsp.a(os_q.o)
                0x00000000045941f4                OSQAccept
                0x0000000004594294                OSQCreate
                0x000000000459437c                OSQDel
                0x0000000004594538                OSQFlush
                0x0000000004594588                OSQPend
                0x0000000004594718                OSQPendAbort
                0x0000000004594830                OSQPost
                0x00000000045948f8                OSQPostFront
                0x00000000045949c0                OSQPostOpt
                0x0000000004594b28                OSQQuery
                0x0000000004594bc8                OS_QInit
 .text          0x0000000004594c24      0x640 ../lab5_bsp/\libucosii_bsp.a(os_sem.o)
                0x0000000004594c24                OSSemAccept
                0x0000000004594c70                OSSemCreate
                0x0000000004594cf4                OSSemDel
                0x0000000004594e80                OSSemPend
                0x0000000004594fc0                OSSemPendAbort
                0x00000000045950d8                OSSemPost
                0x000000000459517c                OSSemQuery
                0x00000000045951f4                OSSemSet
 .text          0x0000000004595264      0xf24 ../lab5_bsp/\libucosii_bsp.a(os_task.o)
                0x0000000004595264                OSTaskChangePrio
                0x0000000004595500                OSTaskCreate
                0x0000000004595624                OSTaskDel
                0x0000000004595864                OSTaskDelReq
                0x000000000459592c                OSTaskNameGet
                0x0000000004595a38                OSTaskNameSet
                0x0000000004595b60                OSTaskResume
                0x0000000004595c74                OSTaskStkChk
                0x0000000004595da8                OSTaskSuspend
                0x0000000004595eec                OSTaskQuery
                0x0000000004595fdc                OS_TaskStkClr
                0x0000000004596000                OSTaskCreateExt
 .text          0x0000000004596188      0x2e8 ../lab5_bsp/\libucosii_bsp.a(os_time.o)
                0x0000000004596188                OSTimeDly
                0x0000000004596208                OSTimeDlyHMSM
                0x0000000004596324                OSTimeDlyResume
                0x0000000004596438                OSTimeGet
                0x0000000004596454                OSTimeSet
 .text          0x0000000004596470       0x78 ../lab5_bsp/\libucosii_bsp.a(alt_sys_init.o)
                0x0000000004596470                alt_irq_init
                0x0000000004596490                alt_sys_init
 .text          0x00000000045964e8       0x8c ../lab5_bsp/\libucosii_bsp.a(altera_avalon_jtag_uart_fd.o)
                0x00000000045964e8                altera_avalon_jtag_uart_read_fd
                0x000000000459650c                altera_avalon_jtag_uart_write_fd
                0x0000000004596530                altera_avalon_jtag_uart_close_fd
                0x0000000004596554                altera_avalon_jtag_uart_ioctl_fd
 .text          0x0000000004596574      0x320 ../lab5_bsp/\libucosii_bsp.a(altera_avalon_jtag_uart_init.o)
                0x0000000004596798                altera_avalon_jtag_uart_init
                0x0000000004596858                altera_avalon_jtag_uart_close
 .text          0x0000000004596894       0x88 ../lab5_bsp/\libucosii_bsp.a(altera_avalon_jtag_uart_ioctl.o)
                0x0000000004596894                altera_avalon_jtag_uart_ioctl
 .text          0x000000000459691c      0x1c0 ../lab5_bsp/\libucosii_bsp.a(altera_avalon_jtag_uart_read.o)
                0x000000000459691c                altera_avalon_jtag_uart_read
 .text          0x0000000004596adc      0x210 ../lab5_bsp/\libucosii_bsp.a(altera_avalon_jtag_uart_write.o)
                0x0000000004596adc                altera_avalon_jtag_uart_write
 .text          0x0000000004596cec       0x84 ../lab5_bsp/\libucosii_bsp.a(altera_avalon_timer_sc.o)
                0x0000000004596d28                alt_avalon_timer_sc_init
 .text          0x0000000004596d70       0x80 ../lab5_bsp/\libucosii_bsp.a(alt_alarm_start.o)
                0x0000000004596d70                alt_alarm_start
 .text          0x0000000004596df0       0x74 ../lab5_bsp/\libucosii_bsp.a(alt_dev_llist_insert.o)
                0x0000000004596df0                alt_dev_llist_insert
 .text          0x0000000004596e64       0x78 ../lab5_bsp/\libucosii_bsp.a(alt_do_ctors.o)
                0x0000000004596e64                _do_ctors
 .text          0x0000000004596edc       0x78 ../lab5_bsp/\libucosii_bsp.a(alt_do_dtors.o)
                0x0000000004596edc                _do_dtors
 .text          0x0000000004596f54        0x0 ../lab5_bsp/\libucosii_bsp.a(alt_exception_entry.o)
 .text          0x0000000004596f54       0x20 ../lab5_bsp/\libucosii_bsp.a(alt_icache_flush_all.o)
                0x0000000004596f54                alt_icache_flush_all
 .text          0x0000000004596f74       0xf8 ../lab5_bsp/\libucosii_bsp.a(alt_io_redirect.o)
                0x0000000004596fd8                alt_io_redirect
 .text          0x000000000459706c      0x190 ../lab5_bsp/\libucosii_bsp.a(alt_open.o)
                0x000000000459706c                open
 .text          0x00000000045971fc        0x8 ../lab5_bsp/\libucosii_bsp.a(altera_nios2_gen2_irq.o)
                0x00000000045971fc                altera_nios2_gen2_irq_init
 .text          0x0000000004597204       0xd0 ../lab5_bsp/\libucosii_bsp.a(os_cpu_a.o)
                0x0000000004597204                OSCtxSw
                0x0000000004597204                OSIntCtxSw
                0x0000000004597290                OSStartHighRdy
                0x00000000045972b0                OSStartTsk
 .text          0x00000000045972d4       0xfc ../lab5_bsp/\libucosii_bsp.a(os_cpu_c.o)
                0x00000000045972d4                OSTaskStkInit
                0x00000000045973ac                OSTaskCreateHook
                0x00000000045973b0                OSTaskDelHook
                0x00000000045973b4                OSTaskSwHook
                0x00000000045973b8                OSTaskStatHook
                0x00000000045973bc                OSTimeTickHook
                0x00000000045973c0                OSInitHookBegin
                0x00000000045973c4                OSInitHookEnd
                0x00000000045973c8                OSTaskIdleHook
                0x00000000045973cc                OSTCBInitHook
 .text          0x00000000045973d0       0x7c ../lab5_bsp/\libucosii_bsp.a(alt_find_dev.o)
                0x00000000045973d0                alt_find_dev
 .text          0x000000000459744c       0xc0 ../lab5_bsp/\libucosii_bsp.a(alt_find_file.o)
                0x000000000459744c                alt_find_file
 .text          0x000000000459750c       0xa8 ../lab5_bsp/\libucosii_bsp.a(alt_get_fd.o)
                0x000000000459750c                alt_get_fd
 .text          0x00000000045975b4       0x58 ../lab5_bsp/\libucosii_bsp.a(alt_icache_flush.o)
                0x00000000045975b4                alt_icache_flush
 .text          0x000000000459760c        0x0 d:/fpga/nios2eds/bin/gnu/h-x86_64-mingw32/bin/../lib/gcc/nios2-elf/5.3.0/../../../../../H-x86_64-mingw32/nios2-elf/lib\libc.a(lib_a-atexit.o)
 .text.atexit   0x000000000459760c       0x14 d:/fpga/nios2eds/bin/gnu/h-x86_64-mingw32/bin/../lib/gcc/nios2-elf/5.3.0/../../../../../H-x86_64-mingw32/nios2-elf/lib\libc.a(lib_a-atexit.o)
                0x000000000459760c                atexit
 .text          0x0000000004597620        0x0 d:/fpga/nios2eds/bin/gnu/h-x86_64-mingw32/bin/../lib/gcc/nios2-elf/5.3.0/../../../../../H-x86_64-mingw32/nios2-elf/lib\libc.a(lib_a-exit.o)
 .text.exit     0x0000000004597620       0x38 d:/fpga/nios2eds/bin/gnu/h-x86_64-mingw32/bin/../lib/gcc/nios2-elf/5.3.0/../../../../../H-x86_64-mingw32/nios2-elf/lib\libc.a(lib_a-exit.o)
                0x0000000004597620                exit
 .text          0x0000000004597658        0x0 d:/fpga/nios2eds/bin/gnu/h-x86_64-mingw32/bin/../lib/gcc/nios2-elf/5.3.0/../../../../../H-x86_64-mingw32/nios2-elf/lib\libc.a(lib_a-memcmp.o)
 .text.memcmp   0x0000000004597658       0x7c d:/fpga/nios2eds/bin/gnu/h-x86_64-mingw32/bin/../lib/gcc/nios2-elf/5.3.0/../../../../../H-x86_64-mingw32/nios2-elf/lib\libc.a(lib_a-memcmp.o)
                0x0000000004597658                memcmp
 .text          0x00000000045976d4        0x0 d:/fpga/nios2eds/bin/gnu/h-x86_64-mingw32/bin/../lib/gcc/nios2-elf/5.3.0/../../../../../H-x86_64-mingw32/nios2-elf/lib\libc.a(lib_a-__atexit.o)
 .text.__register_exitproc
                0x00000000045976d4      0x118 d:/fpga/nios2eds/bin/gnu/h-x86_64-mingw32/bin/../lib/gcc/nios2-elf/5.3.0/../../../../../H-x86_64-mingw32/nios2-elf/lib\libc.a(lib_a-__atexit.o)
                0x00000000045976d4                __register_exitproc
 .text          0x00000000045977ec        0x0 d:/fpga/nios2eds/bin/gnu/h-x86_64-mingw32/bin/../lib/gcc/nios2-elf/5.3.0/../../../../../H-x86_64-mingw32/nios2-elf/lib\libc.a(lib_a-__call_atexit.o)
 .text.__call_exitprocs
                0x00000000045977ec      0x180 d:/fpga/nios2eds/bin/gnu/h-x86_64-mingw32/bin/../lib/gcc/nios2-elf/5.3.0/../../../../../H-x86_64-mingw32/nios2-elf/lib\libc.a(lib_a-__call_atexit.o)
                0x00000000045977ec                __call_exitprocs
 .text          0x000000000459796c       0x18 ../lab5_bsp/\libucosii_bsp.a(alt_exit.o)
                0x000000000459796c                _exit
 *(.gnu.warning.*)
 *(.fini)
                [!provide]                        PROVIDE (__etext, ABSOLUTE (.))
                [!provide]                        PROVIDE (_etext, ABSOLUTE (.))
                [!provide]                        PROVIDE (etext, ABSOLUTE (.))
 *(.eh_frame_hdr)
                0x0000000004597984                . = ALIGN (0x4)
                [!provide]                        PROVIDE (__preinit_array_start, ABSOLUTE (.))
 *(.preinit_array)
                [!provide]                        PROVIDE (__preinit_array_end, ABSOLUTE (.))
                [!provide]                        PROVIDE (__init_array_start, ABSOLUTE (.))
 *(.init_array)
                [!provide]                        PROVIDE (__init_array_end, ABSOLUTE (.))
                [!provide]                        PROVIDE (__fini_array_start, ABSOLUTE (.))
 *(.fini_array)
                [!provide]                        PROVIDE (__fini_array_end, ABSOLUTE (.))
 *(.eh_frame)
 *(.gcc_except_table .gcc_except_table.*)
 *(.dynamic)
                0x0000000004597984                PROVIDE (__CTOR_LIST__, ABSOLUTE (.))
 *(.ctors)
 *(SORT(.ctors.*))
                0x0000000004597984                PROVIDE (__CTOR_END__, ABSOLUTE (.))
                0x0000000004597984                PROVIDE (__DTOR_LIST__, ABSOLUTE (.))
 *(.dtors)
 *(SORT(.dtors.*))
                0x0000000004597984                PROVIDE (__DTOR_END__, ABSOLUTE (.))
 *(.jcr)
                0x0000000004597984                . = ALIGN (0x4)

.rodata         0x0000000004597984   0x4b0518
                0x0000000004597984                PROVIDE (__ram_rodata_start, ABSOLUTE (.))
                0x0000000004597984                . = ALIGN (0x4)
 *(.rodata .rodata.* .gnu.linkonce.r.*)
 .rodata        0x0000000004597984     0x77f2 obj/default/fonts/tahomabold_20.o
 .rodata        0x000000000459f176    0x12520 obj/default/fonts/tahomabold_32.o
 *fill*         0x00000000045b1696        0x2 
 .rodata.str1.4
                0x00000000045b1698        0xe obj/default/graphic_lib/draw_gimps.o
 *fill*         0x00000000045b16a6        0x2 
 .rodata.str1.4
                0x00000000045b16a8       0x4f obj/default/hello_ucosii.o
 *fill*         0x00000000045b16f7        0x1 
 .rodata        0x00000000045b16f8     0x28cc obj/default/imagenes/back_down.o
                0x00000000045b16f8                back_down
 .rodata        0x00000000045b3fc4     0x28cc obj/default/imagenes/back_up.o
                0x00000000045b3fc4                back_up
 .rodata        0x00000000045b6890     0x28cc obj/default/imagenes/ford_down.o
                0x00000000045b6890                ford_down
 .rodata        0x00000000045b915c     0x28cc obj/default/imagenes/ford_up.o
                0x00000000045b915c                ford_up
 .rodata        0x00000000045bba28    0x31840 obj/default/imagenes/image1.o
                0x00000000045bba28                image1
 .rodata        0x00000000045ed268    0x31840 obj/default/imagenes/image2.o
                0x00000000045ed268                image2
 .rodata        0x000000000461eaa8    0x31840 obj/default/imagenes/image3.o
                0x000000000461eaa8                image3
 .rodata        0x00000000046502e8     0x8dd0 obj/default/imagenes/pause_down.o
                0x00000000046502e8                pause_down
 .rodata        0x00000000046590b8     0x8dd0 obj/default/imagenes/pause_up.o
                0x00000000046590b8                pause_up
 .rodata        0x0000000004661e88     0x7820 obj/default/imagenes/play_down.o
                0x0000000004661e88                play_down
 .rodata        0x00000000046696a8     0x7820 obj/default/imagenes/play_up.o
                0x00000000046696a8                play_up
 .rodata        0x0000000004670ec8     0x7f88 obj/default/imagenes/stop_down.o
                0x0000000004670ec8                stop_down
 .rodata        0x0000000004678e50     0x7f88 obj/default/imagenes/stop_up.o
                0x0000000004678e50                stop_up
 .rodata        0x0000000004680dd8   0x142440 obj/default/song/song1.o
                0x0000000004680dd8                song1
 .rodata        0x00000000047c3218   0x142440 obj/default/song/song2.o
                0x00000000047c3218                song2
 .rodata        0x0000000004905658   0x142440 obj/default/song/song3.o
                0x0000000004905658                song3
 .rodata.str1.4
                0x0000000004a47a98       0x42 d:/fpga/nios2eds/bin/gnu/h-x86_64-mingw32/bin/../lib/gcc/nios2-elf/5.3.0/../../../../../H-x86_64-mingw32/nios2-elf/lib\libc.a(lib_a-vfprintf.o)
 .rodata.zeroes.4404
                0x0000000004a47ada       0x10 d:/fpga/nios2eds/bin/gnu/h-x86_64-mingw32/bin/../lib/gcc/nios2-elf/5.3.0/../../../../../H-x86_64-mingw32/nios2-elf/lib\libc.a(lib_a-vfprintf.o)
 .rodata.blanks.4403
                0x0000000004a47aea       0x10 d:/fpga/nios2eds/bin/gnu/h-x86_64-mingw32/bin/../lib/gcc/nios2-elf/5.3.0/../../../../../H-x86_64-mingw32/nios2-elf/lib\libc.a(lib_a-vfprintf.o)
 *fill*         0x0000000004a47afa        0x2 
 .rodata.str1.4
                0x0000000004a47afc       0x10 d:/fpga/nios2eds/bin/gnu/h-x86_64-mingw32/bin/../lib/gcc/nios2-elf/5.3.0/../../../../../H-x86_64-mingw32/nios2-elf/lib\libc.a(lib_a-dtoa.o)
                                         0x12 (size before relaxing)
 .rodata.str1.4
                0x0000000004a47b0c        0x2 d:/fpga/nios2eds/bin/gnu/h-x86_64-mingw32/bin/../lib/gcc/nios2-elf/5.3.0/../../../../../H-x86_64-mingw32/nios2-elf/lib\libc.a(lib_a-impure.o)
 *fill*         0x0000000004a47b0e        0x2 
 .rodata.str1.4
                0x0000000004a47b10        0xa d:/fpga/nios2eds/bin/gnu/h-x86_64-mingw32/bin/../lib/gcc/nios2-elf/5.3.0/../../../../../H-x86_64-mingw32/nios2-elf/lib\libc.a(lib_a-locale.o)
                                         0x12 (size before relaxing)
 *fill*         0x0000000004a47b1a        0x2 
 .rodata.p05.2768
                0x0000000004a47b1c        0xc d:/fpga/nios2eds/bin/gnu/h-x86_64-mingw32/bin/../lib/gcc/nios2-elf/5.3.0/../../../../../H-x86_64-mingw32/nios2-elf/lib\libc.a(lib_a-mprec.o)
 .rodata.__mprec_tinytens
                0x0000000004a47b28       0x28 d:/fpga/nios2eds/bin/gnu/h-x86_64-mingw32/bin/../lib/gcc/nios2-elf/5.3.0/../../../../../H-x86_64-mingw32/nios2-elf/lib\libc.a(lib_a-mprec.o)
                0x0000000004a47b28                __mprec_tinytens
 .rodata.__mprec_bigtens
                0x0000000004a47b50       0x28 d:/fpga/nios2eds/bin/gnu/h-x86_64-mingw32/bin/../lib/gcc/nios2-elf/5.3.0/../../../../../H-x86_64-mingw32/nios2-elf/lib\libc.a(lib_a-mprec.o)
                0x0000000004a47b50                __mprec_bigtens
 .rodata.__mprec_tens
                0x0000000004a47b78       0xc8 d:/fpga/nios2eds/bin/gnu/h-x86_64-mingw32/bin/../lib/gcc/nios2-elf/5.3.0/../../../../../H-x86_64-mingw32/nios2-elf/lib\libc.a(lib_a-mprec.o)
                0x0000000004a47b78                __mprec_tens
 .rodata.str1.4
                0x0000000004a47c40       0x2f d:/fpga/nios2eds/bin/gnu/h-x86_64-mingw32/bin/../lib/gcc/nios2-elf/5.3.0/../../../../../H-x86_64-mingw32/nios2-elf/lib\libc.a(lib_a-vfiprintf.o)
 .rodata.zeroes.4349
                0x0000000004a47c40       0x10 d:/fpga/nios2eds/bin/gnu/h-x86_64-mingw32/bin/../lib/gcc/nios2-elf/5.3.0/../../../../../H-x86_64-mingw32/nios2-elf/lib\libc.a(lib_a-vfiprintf.o)
 .rodata.blanks.4348
                0x0000000004a47c50       0x10 d:/fpga/nios2eds/bin/gnu/h-x86_64-mingw32/bin/../lib/gcc/nios2-elf/5.3.0/../../../../../H-x86_64-mingw32/nios2-elf/lib\libc.a(lib_a-vfiprintf.o)
 .rodata        0x0000000004a47c60      0x100 d:/fpga/nios2eds/bin/gnu/h-x86_64-mingw32/bin/../lib/gcc/nios2-elf/5.3.0\libgcc.a(_clz.o)
                0x0000000004a47c60                __clz_tab
 .rodata.str1.4
                0x0000000004a47d60        0xa ../lab5_bsp/\libucosii_bsp.a(alt_dev.o)
 *fill*         0x0000000004a47d6a        0x2 
 .rodata.str1.4
                0x0000000004a47d6c        0xf ../lab5_bsp/\libucosii_bsp.a(alt_main.o)
 *fill*         0x0000000004a47d7b        0x1 
 .rodata.str1.4
                0x0000000004a47d7c       0x20 ../lab5_bsp/\libucosii_bsp.a(os_core.o)
                                         0x1e (size before relaxing)
 .rodata        0x0000000004a47d9c      0x100 ../lab5_bsp/\libucosii_bsp.a(os_core.o)
                0x0000000004a47d9c                OSUnMapTbl
 .rodata.str1.4
                0x0000000004a47e9c        0xf ../lab5_bsp/\libucosii_bsp.a(alt_sys_init.o)
 .rodata.str1.4
                0x0000000004a47e9c        0x2 ../lab5_bsp/\libucosii_bsp.a(os_cpu_c.o)
 *(.rodata1)
                0x0000000004a47eac                . = ALIGN (0x4)
                0x0000000004a47eac                PROVIDE (__ram_rodata_end, ABSOLUTE (.))
                0x0000000004597984                PROVIDE (__flash_rodata_start, LOADADDR (.rodata))

.rwdata         0x0000000004a47e9c     0x3720 load address 0x0000000004a4b5bc
                0x0000000004a47e9c                PROVIDE (__ram_rwdata_start, ABSOLUTE (.))
                0x0000000004a47e9c                . = ALIGN (0x4)
 *(.got.plt)
 *(.got)
 *(.data1)
 *(.data .data.* .gnu.linkonce.d.*)
 .data          0x0000000004a47e9c        0x0 ../lab5_bsp//obj/HAL/src/crt0.o
 .data          0x0000000004a47e9c        0x0 obj/default/drivers/drivers.o
 .data          0x0000000004a47e9c      0xbc0 obj/default/fonts/tahomabold_20.o
                0x0000000004a47e9c                tahomabold_20
 .data          0x0000000004a48a5c      0xbc0 obj/default/fonts/tahomabold_32.o
                0x0000000004a48a5c                tahomabold_32
 .data          0x0000000004a4961c        0x0 obj/default/frame.o
 .data          0x0000000004a4961c        0x0 obj/default/graphic_lib/draw_gimps.o
 .data          0x0000000004a4961c        0x0 obj/default/graphic_lib/gimp_bmp.o
 .data          0x0000000004a4961c      0x415 obj/default/graphic_lib/simple_graphics.o
                0x0000000004a4961c                cour10_font_array
 .data          0x0000000004a49a31        0x0 obj/default/graphic_lib/simple_text.o
 .data          0x0000000004a49a31        0x0 obj/default/hello_ucosii.o
 .data          0x0000000004a49a31        0x0 obj/default/imagenes/back_down.o
 .data          0x0000000004a49a31        0x0 obj/default/imagenes/back_up.o
 .data          0x0000000004a49a31        0x0 obj/default/imagenes/ford_down.o
 .data          0x0000000004a49a31        0x0 obj/default/imagenes/ford_up.o
 .data          0x0000000004a49a31        0x0 obj/default/imagenes/image1.o
 .data          0x0000000004a49a31        0x0 obj/default/imagenes/image2.o
 .data          0x0000000004a49a31        0x0 obj/default/imagenes/image3.o
 .data          0x0000000004a49a31        0x0 obj/default/imagenes/pause_down.o
 .data          0x0000000004a49a31        0x0 obj/default/imagenes/pause_up.o
 .data          0x0000000004a49a31        0x0 obj/default/imagenes/play_down.o
 .data          0x0000000004a49a31        0x0 obj/default/imagenes/play_up.o
 .data          0x0000000004a49a31        0x0 obj/default/imagenes/stop_down.o
 .data          0x0000000004a49a31        0x0 obj/default/imagenes/stop_up.o
 .data          0x0000000004a49a31        0x0 obj/default/song/song1.o
 .data          0x0000000004a49a31        0x0 obj/default/song/song2.o
 .data          0x0000000004a49a31        0x0 obj/default/song/song3.o
 .data          0x0000000004a49a31        0x0 obj/default/student_code/student_code.o
 .data          0x0000000004a49a31        0x0 obj/default/vip_fr.o
 .data          0x0000000004a49a31        0x0 d:/fpga/nios2eds/bin/gnu/h-x86_64-mingw32/bin/../lib/gcc/nios2-elf/5.3.0\libgcc.a(lib2-divmod.o)
 .data          0x0000000004a49a31        0x0 d:/fpga/nios2eds/bin/gnu/h-x86_64-mingw32/bin/../lib/gcc/nios2-elf/5.3.0\libgcc.a(fixsfsi.o)
 .data          0x0000000004a49a31        0x0 d:/fpga/nios2eds/bin/gnu/h-x86_64-mingw32/bin/../lib/gcc/nios2-elf/5.3.0/../../../../../H-x86_64-mingw32/nios2-elf/lib\libc.a(lib_a-malloc.o)
 .data          0x0000000004a49a31        0x0 d:/fpga/nios2eds/bin/gnu/h-x86_64-mingw32/bin/../lib/gcc/nios2-elf/5.3.0/../../../../../H-x86_64-mingw32/nios2-elf/lib\libc.a(lib_a-mallocr.o)
 *fill*         0x0000000004a49a31        0x3 
 .data.__malloc_av_
                0x0000000004a49a34      0x408 d:/fpga/nios2eds/bin/gnu/h-x86_64-mingw32/bin/../lib/gcc/nios2-elf/5.3.0/../../../../../H-x86_64-mingw32/nios2-elf/lib\libc.a(lib_a-mallocr.o)
                0x0000000004a49a34                __malloc_av_
 .data          0x0000000004a49e3c        0x0 d:/fpga/nios2eds/bin/gnu/h-x86_64-mingw32/bin/../lib/gcc/nios2-elf/5.3.0/../../../../../H-x86_64-mingw32/nios2-elf/lib\libc.a(lib_a-memcpy.o)
 .data          0x0000000004a49e3c        0x0 d:/fpga/nios2eds/bin/gnu/h-x86_64-mingw32/bin/../lib/gcc/nios2-elf/5.3.0/../../../../../H-x86_64-mingw32/nios2-elf/lib\libc.a(lib_a-memset.o)
 .data          0x0000000004a49e3c        0x0 d:/fpga/nios2eds/bin/gnu/h-x86_64-mingw32/bin/../lib/gcc/nios2-elf/5.3.0/../../../../../H-x86_64-mingw32/nios2-elf/lib\libc.a(lib_a-printf.o)
 .data          0x0000000004a49e3c        0x0 d:/fpga/nios2eds/bin/gnu/h-x86_64-mingw32/bin/../lib/gcc/nios2-elf/5.3.0/../../../../../H-x86_64-mingw32/nios2-elf/lib\libc.a(lib_a-sbrkr.o)
 .data          0x0000000004a49e3c        0x0 d:/fpga/nios2eds/bin/gnu/h-x86_64-mingw32/bin/../lib/gcc/nios2-elf/5.3.0/../../../../../H-x86_64-mingw32/nios2-elf/lib\libc.a(lib_a-strcpy.o)
 .data          0x0000000004a49e3c        0x0 d:/fpga/nios2eds/bin/gnu/h-x86_64-mingw32/bin/../lib/gcc/nios2-elf/5.3.0/../../../../../H-x86_64-mingw32/nios2-elf/lib\libc.a(lib_a-strlen.o)
 .data          0x0000000004a49e3c        0x0 d:/fpga/nios2eds/bin/gnu/h-x86_64-mingw32/bin/../lib/gcc/nios2-elf/5.3.0/../../../../../H-x86_64-mingw32/nios2-elf/lib\libc.a(lib_a-vfprintf.o)
 .data          0x0000000004a49e3c        0x0 d:/fpga/nios2eds/bin/gnu/h-x86_64-mingw32/bin/../lib/gcc/nios2-elf/5.3.0/../../../../../H-x86_64-mingw32/nios2-elf/lib\libc.a(lib_a-wsetup.o)
 .data          0x0000000004a49e3c        0x0 d:/fpga/nios2eds/bin/gnu/h-x86_64-mingw32/bin/../lib/gcc/nios2-elf/5.3.0/../../../../../H-x86_64-mingw32/nios2-elf/lib\libc.a(lib_a-dtoa.o)
 .data          0x0000000004a49e3c        0x0 d:/fpga/nios2eds/bin/gnu/h-x86_64-mingw32/bin/../lib/gcc/nios2-elf/5.3.0/../../../../../H-x86_64-mingw32/nios2-elf/lib\libc.a(lib_a-fflush.o)
 .data          0x0000000004a49e3c        0x0 d:/fpga/nios2eds/bin/gnu/h-x86_64-mingw32/bin/../lib/gcc/nios2-elf/5.3.0/../../../../../H-x86_64-mingw32/nios2-elf/lib\libc.a(lib_a-findfp.o)
 .data          0x0000000004a49e3c        0x0 d:/fpga/nios2eds/bin/gnu/h-x86_64-mingw32/bin/../lib/gcc/nios2-elf/5.3.0/../../../../../H-x86_64-mingw32/nios2-elf/lib\libc.a(lib_a-freer.o)
 .data          0x0000000004a49e3c        0x0 d:/fpga/nios2eds/bin/gnu/h-x86_64-mingw32/bin/../lib/gcc/nios2-elf/5.3.0/../../../../../H-x86_64-mingw32/nios2-elf/lib\libc.a(lib_a-fwalk.o)
 .data          0x0000000004a49e3c        0x0 d:/fpga/nios2eds/bin/gnu/h-x86_64-mingw32/bin/../lib/gcc/nios2-elf/5.3.0/../../../../../H-x86_64-mingw32/nios2-elf/lib\libc.a(lib_a-impure.o)
 .data.impure_data
                0x0000000004a49e3c      0x424 d:/fpga/nios2eds/bin/gnu/h-x86_64-mingw32/bin/../lib/gcc/nios2-elf/5.3.0/../../../../../H-x86_64-mingw32/nios2-elf/lib\libc.a(lib_a-impure.o)
 .data          0x0000000004a4a260        0x0 d:/fpga/nios2eds/bin/gnu/h-x86_64-mingw32/bin/../lib/gcc/nios2-elf/5.3.0/../../../../../H-x86_64-mingw32/nios2-elf/lib\libc.a(lib_a-int_errno.o)
 .data          0x0000000004a4a260        0x0 d:/fpga/nios2eds/bin/gnu/h-x86_64-mingw32/bin/../lib/gcc/nios2-elf/5.3.0/../../../../../H-x86_64-mingw32/nios2-elf/lib\libc.a(lib_a-locale.o)
 .data.lc_message_charset
                0x0000000004a4a260       0x20 d:/fpga/nios2eds/bin/gnu/h-x86_64-mingw32/bin/../lib/gcc/nios2-elf/5.3.0/../../../../../H-x86_64-mingw32/nios2-elf/lib\libc.a(lib_a-locale.o)
 .data.lc_ctype_charset
                0x0000000004a4a280       0x20 d:/fpga/nios2eds/bin/gnu/h-x86_64-mingw32/bin/../lib/gcc/nios2-elf/5.3.0/../../../../../H-x86_64-mingw32/nios2-elf/lib\libc.a(lib_a-locale.o)
 .data.lconv    0x0000000004a4a2a0       0x38 d:/fpga/nios2eds/bin/gnu/h-x86_64-mingw32/bin/../lib/gcc/nios2-elf/5.3.0/../../../../../H-x86_64-mingw32/nios2-elf/lib\libc.a(lib_a-locale.o)
 .data          0x0000000004a4a2d8        0x0 d:/fpga/nios2eds/bin/gnu/h-x86_64-mingw32/bin/../lib/gcc/nios2-elf/5.3.0/../../../../../H-x86_64-mingw32/nios2-elf/lib\libc.a(lib_a-makebuf.o)
 .data          0x0000000004a4a2d8        0x0 d:/fpga/nios2eds/bin/gnu/h-x86_64-mingw32/bin/../lib/gcc/nios2-elf/5.3.0/../../../../../H-x86_64-mingw32/nios2-elf/lib\libc.a(lib_a-memchr.o)
 .data          0x0000000004a4a2d8        0x0 d:/fpga/nios2eds/bin/gnu/h-x86_64-mingw32/bin/../lib/gcc/nios2-elf/5.3.0/../../../../../H-x86_64-mingw32/nios2-elf/lib\libc.a(lib_a-mprec.o)
 .data          0x0000000004a4a2d8        0x0 d:/fpga/nios2eds/bin/gnu/h-x86_64-mingw32/bin/../lib/gcc/nios2-elf/5.3.0/../../../../../H-x86_64-mingw32/nios2-elf/lib\libc.a(lib_a-s_fpclassify.o)
 .data          0x0000000004a4a2d8        0x0 d:/fpga/nios2eds/bin/gnu/h-x86_64-mingw32/bin/../lib/gcc/nios2-elf/5.3.0/../../../../../H-x86_64-mingw32/nios2-elf/lib\libc.a(lib_a-stdio.o)
 .data          0x0000000004a4a2d8        0x0 d:/fpga/nios2eds/bin/gnu/h-x86_64-mingw32/bin/../lib/gcc/nios2-elf/5.3.0/../../../../../H-x86_64-mingw32/nios2-elf/lib\libc.a(lib_a-strcmp.o)
 .data          0x0000000004a4a2d8        0x0 d:/fpga/nios2eds/bin/gnu/h-x86_64-mingw32/bin/../lib/gcc/nios2-elf/5.3.0/../../../../../H-x86_64-mingw32/nios2-elf/lib\libc.a(lib_a-vfiprintf.o)
 .data          0x0000000004a4a2d8        0x0 d:/fpga/nios2eds/bin/gnu/h-x86_64-mingw32/bin/../lib/gcc/nios2-elf/5.3.0/../../../../../H-x86_64-mingw32/nios2-elf/lib\libc.a(lib_a-writer.o)
 .data          0x0000000004a4a2d8        0x0 d:/fpga/nios2eds/bin/gnu/h-x86_64-mingw32/bin/../lib/gcc/nios2-elf/5.3.0/../../../../../H-x86_64-mingw32/nios2-elf/lib\libc.a(closer.o)
 .data          0x0000000004a4a2d8        0x0 d:/fpga/nios2eds/bin/gnu/h-x86_64-mingw32/bin/../lib/gcc/nios2-elf/5.3.0/../../../../../H-x86_64-mingw32/nios2-elf/lib\libc.a(lib_a-callocr.o)
 .data          0x0000000004a4a2d8        0x0 d:/fpga/nios2eds/bin/gnu/h-x86_64-mingw32/bin/../lib/gcc/nios2-elf/5.3.0/../../../../../H-x86_64-mingw32/nios2-elf/lib\libc.a(lib_a-fclose.o)
 .data          0x0000000004a4a2d8        0x0 d:/fpga/nios2eds/bin/gnu/h-x86_64-mingw32/bin/../lib/gcc/nios2-elf/5.3.0/../../../../../H-x86_64-mingw32/nios2-elf/lib\libc.a(lib_a-fputwc.o)
 .data          0x0000000004a4a2d8        0x0 d:/fpga/nios2eds/bin/gnu/h-x86_64-mingw32/bin/../lib/gcc/nios2-elf/5.3.0/../../../../../H-x86_64-mingw32/nios2-elf/lib\libc.a(lib_a-fstatr.o)
 .data          0x0000000004a4a2d8        0x0 d:/fpga/nios2eds/bin/gnu/h-x86_64-mingw32/bin/../lib/gcc/nios2-elf/5.3.0/../../../../../H-x86_64-mingw32/nios2-elf/lib\libc.a(lib_a-fvwrite.o)
 .data          0x0000000004a4a2d8        0x0 d:/fpga/nios2eds/bin/gnu/h-x86_64-mingw32/bin/../lib/gcc/nios2-elf/5.3.0/../../../../../H-x86_64-mingw32/nios2-elf/lib\libc.a(lib_a-isattyr.o)
 .data          0x0000000004a4a2d8        0x0 d:/fpga/nios2eds/bin/gnu/h-x86_64-mingw32/bin/../lib/gcc/nios2-elf/5.3.0/../../../../../H-x86_64-mingw32/nios2-elf/lib\libc.a(lib_a-lseekr.o)
 .data          0x0000000004a4a2d8        0x0 d:/fpga/nios2eds/bin/gnu/h-x86_64-mingw32/bin/../lib/gcc/nios2-elf/5.3.0/../../../../../H-x86_64-mingw32/nios2-elf/lib\libc.a(lib_a-memmove.o)
 .data          0x0000000004a4a2d8        0x0 d:/fpga/nios2eds/bin/gnu/h-x86_64-mingw32/bin/../lib/gcc/nios2-elf/5.3.0/../../../../../H-x86_64-mingw32/nios2-elf/lib\libc.a(lib_a-readr.o)
 .data          0x0000000004a4a2d8        0x0 d:/fpga/nios2eds/bin/gnu/h-x86_64-mingw32/bin/../lib/gcc/nios2-elf/5.3.0/../../../../../H-x86_64-mingw32/nios2-elf/lib\libc.a(lib_a-reallocr.o)
 .data          0x0000000004a4a2d8        0x0 d:/fpga/nios2eds/bin/gnu/h-x86_64-mingw32/bin/../lib/gcc/nios2-elf/5.3.0/../../../../../H-x86_64-mingw32/nios2-elf/lib\libc.a(lib_a-wbuf.o)
 .data          0x0000000004a4a2d8        0x0 d:/fpga/nios2eds/bin/gnu/h-x86_64-mingw32/bin/../lib/gcc/nios2-elf/5.3.0/../../../../../H-x86_64-mingw32/nios2-elf/lib\libc.a(lib_a-wcrtomb.o)
 .data          0x0000000004a4a2d8        0x0 d:/fpga/nios2eds/bin/gnu/h-x86_64-mingw32/bin/../lib/gcc/nios2-elf/5.3.0/../../../../../H-x86_64-mingw32/nios2-elf/lib\libc.a(lib_a-wctomb_r.o)
 .data          0x0000000004a4a2d8        0x0 d:/fpga/nios2eds/bin/gnu/h-x86_64-mingw32/bin/../lib/gcc/nios2-elf/5.3.0\libgcc.a(_udivdi3.o)
 .data          0x0000000004a4a2d8        0x0 d:/fpga/nios2eds/bin/gnu/h-x86_64-mingw32/bin/../lib/gcc/nios2-elf/5.3.0\libgcc.a(_umoddi3.o)
 .data          0x0000000004a4a2d8        0x0 d:/fpga/nios2eds/bin/gnu/h-x86_64-mingw32/bin/../lib/gcc/nios2-elf/5.3.0\libgcc.a(adddf3.o)
 .data          0x0000000004a4a2d8        0x0 d:/fpga/nios2eds/bin/gnu/h-x86_64-mingw32/bin/../lib/gcc/nios2-elf/5.3.0\libgcc.a(divdf3.o)
 .data          0x0000000004a4a2d8        0x0 d:/fpga/nios2eds/bin/gnu/h-x86_64-mingw32/bin/../lib/gcc/nios2-elf/5.3.0\libgcc.a(eqdf2.o)
 .data          0x0000000004a4a2d8        0x0 d:/fpga/nios2eds/bin/gnu/h-x86_64-mingw32/bin/../lib/gcc/nios2-elf/5.3.0\libgcc.a(gedf2.o)
 .data          0x0000000004a4a2d8        0x0 d:/fpga/nios2eds/bin/gnu/h-x86_64-mingw32/bin/../lib/gcc/nios2-elf/5.3.0\libgcc.a(ledf2.o)
 .data          0x0000000004a4a2d8        0x0 d:/fpga/nios2eds/bin/gnu/h-x86_64-mingw32/bin/../lib/gcc/nios2-elf/5.3.0\libgcc.a(muldf3.o)
 .data          0x0000000004a4a2d8        0x0 d:/fpga/nios2eds/bin/gnu/h-x86_64-mingw32/bin/../lib/gcc/nios2-elf/5.3.0\libgcc.a(subdf3.o)
 .data          0x0000000004a4a2d8        0x0 d:/fpga/nios2eds/bin/gnu/h-x86_64-mingw32/bin/../lib/gcc/nios2-elf/5.3.0\libgcc.a(fixdfsi.o)
 .data          0x0000000004a4a2d8        0x0 d:/fpga/nios2eds/bin/gnu/h-x86_64-mingw32/bin/../lib/gcc/nios2-elf/5.3.0\libgcc.a(floatsidf.o)
 .data          0x0000000004a4a2d8        0x0 d:/fpga/nios2eds/bin/gnu/h-x86_64-mingw32/bin/../lib/gcc/nios2-elf/5.3.0\libgcc.a(floatunsidf.o)
 .data          0x0000000004a4a2d8        0x0 d:/fpga/nios2eds/bin/gnu/h-x86_64-mingw32/bin/../lib/gcc/nios2-elf/5.3.0\libgcc.a(_clz.o)
 .data          0x0000000004a4a2d8        0x0 d:/fpga/nios2eds/bin/gnu/h-x86_64-mingw32/bin/../lib/gcc/nios2-elf/5.3.0\libgcc.a(_clzsi2.o)
 .data          0x0000000004a4a2d8        0x0 ../lab5_bsp/\libucosii_bsp.a(alt_close.o)
 .data          0x0000000004a4a2d8        0x0 ../lab5_bsp/\libucosii_bsp.a(alt_dcache_flush_all.o)
 .data          0x0000000004a4a2d8      0x1a8 ../lab5_bsp/\libucosii_bsp.a(alt_dev.o)
                0x0000000004a4a2d8                alt_fd_list
                0x0000000004a4a458                alt_dev_null
 .data          0x0000000004a4a480        0x0 ../lab5_bsp/\libucosii_bsp.a(alt_errno.o)
 .data          0x0000000004a4a480        0x0 ../lab5_bsp/\libucosii_bsp.a(alt_fstat.o)
 .data          0x0000000004a4a480        0x0 ../lab5_bsp/\libucosii_bsp.a(alt_iic.o)
 .data          0x0000000004a4a480        0x0 ../lab5_bsp/\libucosii_bsp.a(alt_iic_isr_register.o)
 .data          0x0000000004a4a480        0x0 ../lab5_bsp/\libucosii_bsp.a(alt_irq_entry.o)
 .data          0x0000000004a4a480        0x0 ../lab5_bsp/\libucosii_bsp.a(alt_irq_handler.o)
 .data          0x0000000004a4a480        0x0 ../lab5_bsp/\libucosii_bsp.a(alt_irq_vars.o)
 .data          0x0000000004a4a480        0x0 ../lab5_bsp/\libucosii_bsp.a(alt_isatty.o)
 .data          0x0000000004a4a480        0x0 ../lab5_bsp/\libucosii_bsp.a(alt_load.o)
 .data          0x0000000004a4a480        0x0 ../lab5_bsp/\libucosii_bsp.a(alt_lseek.o)
 .data          0x0000000004a4a480        0x0 ../lab5_bsp/\libucosii_bsp.a(alt_main.o)
 .data          0x0000000004a4a480        0x0 ../lab5_bsp/\libucosii_bsp.a(alt_read.o)
 .data          0x0000000004a4a480        0x0 ../lab5_bsp/\libucosii_bsp.a(alt_release_fd.o)
 .data          0x0000000004a4a480        0x0 ../lab5_bsp/\libucosii_bsp.a(alt_sbrk.o)
 .data          0x0000000004a4a480        0x0 ../lab5_bsp/\libucosii_bsp.a(alt_tick.o)
 .data          0x0000000004a4a480        0x0 ../lab5_bsp/\libucosii_bsp.a(alt_write.o)
 .data          0x0000000004a4a480        0x0 ../lab5_bsp/\libucosii_bsp.a(alt_env_lock.o)
 .data          0x0000000004a4a480        0x0 ../lab5_bsp/\libucosii_bsp.a(alt_malloc_lock.o)
 .data          0x0000000004a4a480        0x0 ../lab5_bsp/\libucosii_bsp.a(os_core.o)
 .data          0x0000000004a4a480        0x0 ../lab5_bsp/\libucosii_bsp.a(os_dbg.o)
 .data          0x0000000004a4a480        0x0 ../lab5_bsp/\libucosii_bsp.a(os_flag.o)
 .data          0x0000000004a4a480        0x0 ../lab5_bsp/\libucosii_bsp.a(os_mem.o)
 .data          0x0000000004a4a480        0x0 ../lab5_bsp/\libucosii_bsp.a(os_q.o)
 .data          0x0000000004a4a480        0x0 ../lab5_bsp/\libucosii_bsp.a(os_sem.o)
 .data          0x0000000004a4a480        0x0 ../lab5_bsp/\libucosii_bsp.a(os_task.o)
 .data          0x0000000004a4a480        0x0 ../lab5_bsp/\libucosii_bsp.a(os_time.o)
 .data          0x0000000004a4a480     0x106c ../lab5_bsp/\libucosii_bsp.a(alt_sys_init.o)
 .data          0x0000000004a4b4ec        0x0 ../lab5_bsp/\libucosii_bsp.a(altera_avalon_jtag_uart_fd.o)
 .data          0x0000000004a4b4ec        0x0 ../lab5_bsp/\libucosii_bsp.a(altera_avalon_jtag_uart_init.o)
 .data          0x0000000004a4b4ec        0x0 ../lab5_bsp/\libucosii_bsp.a(altera_avalon_jtag_uart_ioctl.o)
 .data          0x0000000004a4b4ec        0x0 ../lab5_bsp/\libucosii_bsp.a(altera_avalon_jtag_uart_read.o)
 .data          0x0000000004a4b4ec        0x0 ../lab5_bsp/\libucosii_bsp.a(altera_avalon_jtag_uart_write.o)
 .data          0x0000000004a4b4ec        0x0 ../lab5_bsp/\libucosii_bsp.a(altera_avalon_timer_sc.o)
 .data          0x0000000004a4b4ec        0x0 ../lab5_bsp/\libucosii_bsp.a(alt_alarm_start.o)
 .data          0x0000000004a4b4ec        0x0 ../lab5_bsp/\libucosii_bsp.a(alt_dev_llist_insert.o)
 .data          0x0000000004a4b4ec        0x0 ../lab5_bsp/\libucosii_bsp.a(alt_do_ctors.o)
 .data          0x0000000004a4b4ec        0x0 ../lab5_bsp/\libucosii_bsp.a(alt_do_dtors.o)
 .data          0x0000000004a4b4ec        0x0 ../lab5_bsp/\libucosii_bsp.a(alt_exception_entry.o)
 .data          0x0000000004a4b4ec        0x0 ../lab5_bsp/\libucosii_bsp.a(alt_icache_flush_all.o)
 .data          0x0000000004a4b4ec        0x0 ../lab5_bsp/\libucosii_bsp.a(alt_io_redirect.o)
 .data          0x0000000004a4b4ec        0x0 ../lab5_bsp/\libucosii_bsp.a(alt_open.o)